<html>
<body>
<pre>
<h1>礦ision Build Log</h1>
<h2>Tool Versions:</h2>
IDE-Version: μVision V5.24.2.0
Copyright (C) 2017 ARM Ltd and ARM Germany GmbH. All rights reserved.
License Information: aa aa, aa, LIC=2TTTG-VXXAW-GQV0H-WGPNJ-INF0K-XVABY
 
Tool Versions:
Toolchain:       MDK-ARM Professional  Version: 5.24.1
Toolchain Path:  D:\KEIL5\ARM\ARMCC\Bin
C Compiler:      Armcc.exe V5.06 update 5 (build 528)
Assembler:       Armasm.exe V5.06 update 5 (build 528)
Linker/Locator:  ArmLink.exe V5.06 update 5 (build 528)
Library Manager: ArmAr.exe V5.06 update 5 (build 528)
Hex Converter:   FromElf.exe V5.06 update 5 (build 528)
CPU DLL:         SARMCM3.DLL V5.24.1
Dialog DLL:      DARMSTM.DLL V1.68.0.0
Target DLL:      STLink\ST-LINKIII-KEIL_SWO.dll V3.0.1.0
Dialog DLL:      TARMSTM.DLL V1.66.0.0
 
<h2>Project:</h2>
C:\Users\Admin\Desktop\网络实验3 RAW_UDP实验\USER\Template.uvprojx
Project File Date:  03/10/2018

<h2>Output:</h2>
*** Using Compiler 'V5.06 update 5 (build 528)', folder: 'D:\KEIL5\ARM\ARMCC\Bin'
Rebuild target 'Target 1'
assembling startup_stm32f10x_hd.s...
compiling stm32f10x_it.c...
compiling delay.c...
compiling system_stm32f10x.c...
compiling core_cm3.c...
compiling main.c...
compiling usart.c...
compiling sys.c...
compiling key.c...
compiling led.c...
compiling sram.c...
compiling timer.c...
compiling lcd.c...
compiling dm9000.c...
compiling can.c...
compiling misc.c...
compiling stm32f10x_gpio.c...
compiling stm32f10x_fsmc.c...
compiling stm32f10x_rcc.c...
compiling stm32f10x_usart.c...
compiling stm32f10x_exti.c...
compiling stm32f10x_tim.c...
compiling stm32f10x_can.c...
compiling malloc.c...
compiling usmart.c...
compiling usmart_str.c...
compiling usmart_config.c...
compiling etharp.c...
compiling lwip_comm.c...
compiling udp_demo.c...
compiling autoip.c...
compiling icmp.c...
compiling ethernetif.c...
compiling igmp.c...
compiling inet.c...
compiling inet_chksum.c...
compiling ip_addr.c...
compiling ip.c...
compiling def.c...
compiling ip_frag.c...
compiling dns.c...
compiling dhcp.c...
compiling lwip_sys.c...
compiling init.c...
compiling mem.c...
compiling memp.c...
compiling netif.c...
compiling stats.c...
compiling pbuf.c...
compiling raw.c...
compiling tcp.c...
compiling tcp_in.c...
compiling tcp_out.c...
compiling timers.c...
compiling udp.c...
compiling api_lib.c...
compiling api_msg.c...
compiling netbuf.c...
compiling err.c...
compiling netdb.c...
compiling sys_arch.c...
compiling netifapi.c...
compiling sockets.c...
compiling tcpip.c...
compiling other_global_var.c...
compiling mainloop.c...
compiling timer.c...
linking...
Program Size: Code=46120 RO-data=7200 RW-data=612 ZI-data=211460  
FromELF: creating hex file...
"..\OBJ\Template.axf" - 0 Error(s), 0 Warning(s).

<h2>Software Packages used:</h2>

Package Vendor: Keil
                http://www.keil.com/pack/Keil.STM32F1xx_DFP.1.1.0.pack
                Keil.STM32F1xx_DFP.1.1.0
                STMicroelectronics STM32F1 Series Device Support, Drivers and Examples

<h2>Collection of Component include folders:</h2>
  .\RTE\_Target_1
  D:\KEIL5\ARM\PACK\Keil\STM32F1xx_DFP\1.1.0\Device\Include

<h2>Collection of Component Files used:</h2>
Build Time Elapsed:  00:00:09
</pre>
</body>
</html>
