Component: ARM Compiler 5.06 update 5 (build 528) Tool: armlink [4d35e2]

==============================================================================

Section Cross References

    main.o(.text) refers to _printf_percent.o(.ARM.Collect$$_printf_percent$$00000000) for _printf_percent
    main.o(.text) refers to _printf_d.o(.ARM.Collect$$_printf_percent$$00000009) for _printf_d
    main.o(.text) refers to _printf_dec.o(.text) for _printf_int_dec
    main.o(.text) refers to lcd.o(.text) for LCD_Fill
    main.o(.text) refers to noretval__2sprintf.o(.text) for __2sprintf
    main.o(.text) refers to dm9000.o(.text) for DM9000_Get_SpeedAndDuplex
    main.o(.text) refers to led.o(.text) for LED_Init
    main.o(.text) refers to timer.o(.text) for TIM4_Int_Init
    main.o(.text) refers to mainloop.o(.text) for ini_main_loop
    main.o(.text) refers to lcd.o(.data) for POINT_COLOR
    main.o(.text) refers to lcd.o(.bss) for lcddev
    main.o(.text) refers to lwip_comm.o(.bss) for lwipdev
    system_stm32f10x.o(.text) refers to system_stm32f10x.o(.data) for SystemCoreClock
    startup_stm32f10x_hd.o(STACK) refers (Special) to heapauxi.o(.text) for __use_two_region_memory
    startup_stm32f10x_hd.o(HEAP) refers (Special) to heapauxi.o(.text) for __use_two_region_memory
    startup_stm32f10x_hd.o(RESET) refers (Special) to heapauxi.o(.text) for __use_two_region_memory
    startup_stm32f10x_hd.o(RESET) refers to startup_stm32f10x_hd.o(STACK) for __initial_sp
    startup_stm32f10x_hd.o(RESET) refers to startup_stm32f10x_hd.o(.text) for Reset_Handler
    startup_stm32f10x_hd.o(RESET) refers to stm32f10x_it.o(.text) for NMI_Handler
    startup_stm32f10x_hd.o(RESET) refers to dm9000.o(.text) for EXTI9_5_IRQHandler
    startup_stm32f10x_hd.o(RESET) refers to usmart.o(.text) for TIM2_IRQHandler
    startup_stm32f10x_hd.o(RESET) refers to timer.o(.text) for TIM3_IRQHandler
    startup_stm32f10x_hd.o(RESET) refers to usart.o(.text) for USART1_IRQHandler
    startup_stm32f10x_hd.o(.text) refers (Special) to heapauxi.o(.text) for __use_two_region_memory
    startup_stm32f10x_hd.o(.text) refers to system_stm32f10x.o(.text) for SystemInit
    startup_stm32f10x_hd.o(.text) refers to __main.o(!!!main) for __main
    startup_stm32f10x_hd.o(.text) refers to startup_stm32f10x_hd.o(HEAP) for Heap_Mem
    startup_stm32f10x_hd.o(.text) refers to startup_stm32f10x_hd.o(STACK) for Stack_Mem
    delay.o(.text) refers to misc.o(.text) for SysTick_CLKSourceConfig
    delay.o(.text) refers to system_stm32f10x.o(.data) for SystemCoreClock
    delay.o(.text) refers to delay.o(.data) for fac_us
    usart.o(.text) refers (Special) to use_no_semi_2.o(.text) for __use_no_semihosting
    usart.o(.text) refers to stm32f10x_rcc.o(.text) for RCC_APB2PeriphClockCmd
    usart.o(.text) refers to stm32f10x_gpio.o(.text) for GPIO_Init
    usart.o(.text) refers to misc.o(.text) for NVIC_Init
    usart.o(.text) refers to stm32f10x_usart.o(.text) for USART_Init
    usart.o(.text) refers to usart.o(.data) for USART_RX_STA
    usart.o(.text) refers to usart.o(.bss) for USART_RX_BUF
    usart.o(.bss) refers (Special) to use_no_semi_2.o(.text) for __use_no_semihosting
    usart.o(.data) refers (Special) to use_no_semi_2.o(.text) for __use_no_semihosting
    key.o(.text) refers to stm32f10x_rcc.o(.text) for RCC_APB2PeriphClockCmd
    key.o(.text) refers to stm32f10x_gpio.o(.text) for GPIO_Init
    key.o(.text) refers to delay.o(.text) for delay_ms
    key.o(.text) refers to key.o(.data) for key_up
    lcd.o(.text) refers to _printf_percent.o(.ARM.Collect$$_printf_percent$$00000000) for _printf_percent
    lcd.o(.text) refers to _printf_x.o(.ARM.Collect$$_printf_percent$$0000000C) for _printf_x
    lcd.o(.text) refers to _printf_hex_int.o(.text) for _printf_longlong_hex
    lcd.o(.text) refers to delay.o(.text) for delay_us
    lcd.o(.text) refers to lcd.o(.bss) for lcddev
    lcd.o(.text) refers to lcd.o(.data) for POINT_COLOR
    lcd.o(.text) refers to dflt_clz.o(x$fpl$dfltu) for __aeabi_ui2d
    lcd.o(.text) refers to dmul.o(x$fpl$dmul) for __aeabi_dmul
    lcd.o(.text) refers to dfixu.o(x$fpl$dfixu) for __aeabi_d2uiz
    lcd.o(.text) refers to stm32f10x_rcc.o(.text) for RCC_AHBPeriphClockCmd
    lcd.o(.text) refers to stm32f10x_gpio.o(.text) for GPIO_Init
    lcd.o(.text) refers to stm32f10x_fsmc.o(.text) for FSMC_NORSRAMInit
    lcd.o(.text) refers to noretval__2printf.o(.text) for __2printf
    lcd.o(.text) refers to lcd.o(.constdata) for asc2_1206
    led.o(.text) refers to stm32f10x_rcc.o(.text) for RCC_APB2PeriphClockCmd
    led.o(.text) refers to stm32f10x_gpio.o(.text) for GPIO_Init
    sram.o(.text) refers to stm32f10x_rcc.o(.text) for RCC_APB2PeriphClockCmd
    sram.o(.text) refers to stm32f10x_gpio.o(.text) for GPIO_Init
    sram.o(.text) refers to stm32f10x_fsmc.o(.text) for FSMC_NORSRAMInit
    timer.o(.text) refers to stm32f10x_rcc.o(.text) for RCC_APB1PeriphClockCmd
    timer.o(.text) refers to stm32f10x_tim.o(.text) for TIM_TimeBaseInit
[...]
    __rt_lib_init_getenv_1                   0x08000209   Thumb Code     0  libinit2.o(.ARM.Collect$$libinit$$00000023)
    __rt_lib_init_heap_1                     0x08000209   Thumb Code     0  libinit2.o(.ARM.Collect$$libinit$$0000000A)
    __rt_lib_init_lc_collate_1               0x08000209   Thumb Code     0  libinit2.o(.ARM.Collect$$libinit$$00000011)
    __rt_lib_init_lc_ctype_1                 0x08000209   Thumb Code     0  libinit2.o(.ARM.Collect$$libinit$$00000013)
    __rt_lib_init_lc_monetary_1              0x08000209   Thumb Code     0  libinit2.o(.ARM.Collect$$libinit$$00000015)
    __rt_lib_init_lc_numeric_1               0x08000209   Thumb Code     0  libinit2.o(.ARM.Collect$$libinit$$00000017)
    __rt_lib_init_lc_time_1                  0x08000209   Thumb Code     0  libinit2.o(.ARM.Collect$$libinit$$00000019)
    __rt_lib_init_preinit_1                  0x08000209   Thumb Code     0  libinit2.o(.ARM.Collect$$libinit$$00000004)
    __rt_lib_init_rand_1                     0x08000209   Thumb Code     0  libinit2.o(.ARM.Collect$$libinit$$0000000E)
    __rt_lib_init_return                     0x08000209   Thumb Code     0  libinit2.o(.ARM.Collect$$libinit$$00000033)
    __rt_lib_init_signal_1                   0x08000209   Thumb Code     0  libinit2.o(.ARM.Collect$$libinit$$0000001D)
    __rt_lib_init_stdio_1                    0x08000209   Thumb Code     0  libinit2.o(.ARM.Collect$$libinit$$00000025)
    __rt_lib_init_user_alloc_1               0x08000209   Thumb Code     0  libinit2.o(.ARM.Collect$$libinit$$0000000C)
    __rt_lib_shutdown                        0x0800020b   Thumb Code     0  libshutdown.o(.ARM.Collect$$libshutdown$$00000000)
    __rt_lib_shutdown_cpp_1                  0x0800020d   Thumb Code     0  libshutdown2.o(.ARM.Collect$$libshutdown$$00000002)
    __rt_lib_shutdown_fp_trap_1              0x0800020d   Thumb Code     0  libshutdown2.o(.ARM.Collect$$libshutdown$$00000007)
    __rt_lib_shutdown_heap_1                 0x0800020d   Thumb Code     0  libshutdown2.o(.ARM.Collect$$libshutdown$$0000000F)
    __rt_lib_shutdown_return                 0x0800020d   Thumb Code     0  libshutdown2.o(.ARM.Collect$$libshutdown$$00000010)
    __rt_lib_shutdown_signal_1               0x0800020d   Thumb Code     0  libshutdown2.o(.ARM.Collect$$libshutdown$$0000000A)
    __rt_lib_shutdown_stdio_1                0x0800020d   Thumb Code     0  libshutdown2.o(.ARM.Collect$$libshutdown$$00000004)
    __rt_lib_shutdown_user_alloc_1           0x0800020d   Thumb Code     0  libshutdown2.o(.ARM.Collect$$libshutdown$$0000000C)
    __rt_entry                               0x0800020f   Thumb Code     0  __rtentry.o(.ARM.Collect$$rtentry$$00000000)
    __rt_entry_presh_1                       0x0800020f   Thumb Code     0  __rtentry2.o(.ARM.Collect$$rtentry$$00000002)
    __rt_entry_sh                            0x0800020f   Thumb Code     0  __rtentry4.o(.ARM.Collect$$rtentry$$00000004)
    __rt_entry_li                            0x08000215   Thumb Code     0  __rtentry2.o(.ARM.Collect$$rtentry$$0000000A)
    __rt_entry_postsh_1                      0x08000215   Thumb Code     0  __rtentry2.o(.ARM.Collect$$rtentry$$00000009)
    __rt_entry_main                          0x08000219   Thumb Code     0  __rtentry2.o(.ARM.Collect$$rtentry$$0000000D)
    __rt_entry_postli_1                      0x08000219   Thumb Code     0  __rtentry2.o(.ARM.Collect$$rtentry$$0000000C)
    __rt_exit                                0x08000221   Thumb Code     0  rtexit.o(.ARM.Collect$$rtexit$$00000000)
    __rt_exit_ls                             0x08000223   Thumb Code     0  rtexit2.o(.ARM.Collect$$rtexit$$00000003)
    __rt_exit_prels_1                        0x08000223   Thumb Code     0  rtexit2.o(.ARM.Collect$$rtexit$$00000002)
    __rt_exit_exit                           0x08000227   Thumb Code     0  rtexit2.o(.ARM.Collect$$rtexit$$00000004)
    lwip_test_ui                             0x0800022d   Thumb Code   350  main.o(.text)
    main                                     0x0800038b   Thumb Code    28  main.o(.text)
    NMI_Handler                              0x0800047d   Thumb Code     2  stm32f10x_it.o(.text)
    HardFault_Handler                        0x0800047f   Thumb Code     4  stm32f10x_it.o(.text)
    MemManage_Handler                        0x08000483   Thumb Code     4  stm32f10x_it.o(.text)
    BusFault_Handler                         0x08000487   Thumb Code     4  stm32f10x_it.o(.text)
    UsageFault_Handler                       0x0800048b   Thumb Code     4  stm32f10x_it.o(.text)
    SVC_Handler                              0x0800048f   Thumb Code     2  stm32f10x_it.o(.text)
    DebugMon_Handler                         0x08000491   Thumb Code     2  stm32f10x_it.o(.text)
    PendSV_Handler                           0x08000493   Thumb Code     2  stm32f10x_it.o(.text)
    SysTick_Handler                          0x08000495   Thumb Code     2  stm32f10x_it.o(.text)
    SystemInit                               0x08000577   Thumb Code    78  system_stm32f10x.o(.text)
    SystemCoreClockUpdate                    0x080005c5   Thumb Code   142  system_stm32f10x.o(.text)
    Reset_Handler                            0x08000679   Thumb Code     8  startup_stm32f10x_hd.o(.text)
    ADC1_2_IRQHandler                        0x08000693   Thumb Code     0  startup_stm32f10x_hd.o(.text)
    ADC3_IRQHandler                          0x08000693   Thumb Code     0  startup_stm32f10x_hd.o(.text)
    CAN1_RX1_IRQHandler                      0x08000693   Thumb Code     0  startup_stm32f10x_hd.o(.text)
    CAN1_SCE_IRQHandler                      0x08000693   Thumb Code     0  startup_stm32f10x_hd.o(.text)
    DMA1_Channel1_IRQHandler                 0x08000693   Thumb Code     0  startup_stm32f10x_hd.o(.text)
    DMA1_Channel2_IRQHandler                 0x08000693   Thumb Code     0  startup_stm32f10x_hd.o(.text)
    DMA1_Channel3_IRQHandler                 0x08000693   Thumb Code     0  startup_stm32f10x_hd.o(.text)
    DMA1_Channel4_IRQHandler                 0x08000693   Thumb Code     0  startup_stm32f10x_hd.o(.text)
    DMA1_Channel5_IRQHandler                 0x08000693   Thumb Code     0  startup_stm32f10x_hd.o(.text)
    DMA1_Channel6_IRQHandler                 0x08000693   Thumb Code     0  startup_stm32f10x_hd.o(.text)
    DMA1_Channel7_IRQHandler                 0x08000693   Thumb Code     0  startup_stm32f10x_hd.o(.text)
    DMA2_Channel1_IRQHandler                 0x08000693   Thumb Code     0  startup_stm32f10x_hd.o(.text)
    DMA2_Channel2_IRQHandler                 0x08000693   Thumb Code     0  startup_stm32f10x_hd.o(.text)
    DMA2_Channel3_IRQHandler                 0x08000693   Thumb Code     0  startup_stm32f10x_hd.o(.text)
    DMA2_Channel4_5_IRQHandler               0x08000693   Thumb Code     0  startup_stm32f10x_hd.o(.text)
    EXTI0_IRQHandler                         0x08000693   Thumb Code     0  startup_stm32f10x_hd.o(.text)
    EXTI15_10_IRQHandler                     0x08000693   Thumb Code     0  startup_stm32f10x_hd.o(.text)
    EXTI1_IRQHandler                         0x08000693   Thumb Code     0  startup_stm32f10x_hd.o(.text)
    EXTI2_IRQHandler                         0x08000693   Thumb Code     0  startup_stm32f10x_hd.o(.text)
    EXTI3_IRQHandler                         0x08000693   Thumb Code     0  startup_stm32f10x_hd.o(.text)
    EXTI4_IRQHandler                         0x08000693   Thumb Code     0  startup_stm32f10x_hd.o(.text)
    FLASH_IRQHandler                         0x08000693   Thumb Code     0  startup_stm32f10x_hd.o(.text)
    FSMC_IRQHandler                          0x08000693   Thumb Code     0  startup_stm32f10x_hd.o(.text)
    I2C1_ER_IRQHandler                       0x08000693   Thumb Code     0  startup_stm32f10x_hd.o(.text)
    I2C1_EV_IRQHandler                       0x08000693   Thumb Code     0  startup_stm32f10x_hd.o(.text)
    I2C2_ER_IRQHandler                       0x08000693   Thumb Code     0  startup_stm32f10x_hd.o(.text)
    I2C2_EV_IRQHandler                       0x08000693   Thumb Code     0  startup_stm32f10x_hd.o(.text)
    PVD_IRQHandler                           0x08000693   Thumb Code     0  startup_stm32f10x_hd.o(.text)
    RCC_IRQHandler                           0x08000693   Thumb Code     0  startup_stm32f10x_hd.o(.text)
    RTCAlarm_IRQHandler                      0x08000693   Thumb Code     0  startup_stm32f10x_hd.o(.text)
    RTC_IRQHandler                           0x08000693   Thumb Code     0  startup_stm32f10x_hd.o(.text)
    SDIO_IRQHandler                          0x08000693   Thumb Code     0  startup_stm32f10x_hd.o(.text)
    SPI1_IRQHandler                          0x08000693   Thumb Code     0  startup_stm32f10x_hd.o(.text)
    SPI2_IRQHandler                          0x08000693   Thumb Code     0  startup_stm32f10x_hd.o(.text)
    SPI3_IRQHandler                          0x08000693   Thumb Code     0  startup_stm32f10x_hd.o(.text)
    TAMPER_IRQHandler                        0x08000693   Thumb Code     0  startup_stm32f10x_hd.o(.text)
    TIM1_BRK_IRQHandler                      0x08000693   Thumb Code     0  startup_stm32f10x_hd.o(.text)
    TIM1_CC_IRQHandler                       0x08000693   Thumb Code     0  startup_stm32f10x_hd.o(.text)
    TIM1_TRG_COM_IRQHandler                  0x08000693   Thumb Code     0  startup_stm32f10x_hd.o(.text)
    TIM1_UP_IRQHandler                       0x08000693   Thumb Code     0  startup_stm32f10x_hd.o(.text)
    TIM5_IRQHandler                          0x08000693   Thumb Code     0  startup_stm32f10x_hd.o(.text)
    TIM6_IRQHandler                          0x08000693   Thumb Code     0  startup_stm32f10x_hd.o(.text)
    TIM7_IRQHandler                          0x08000693   Thumb Code     0  startup_stm32f10x_hd.o(.text)
    TIM8_BRK_IRQHandler                      0x08000693   Thumb Code     0  startup_stm32f10x_hd.o(.text)
    TIM8_CC_IRQHandler                       0x08000693   Thumb Code     0  startup_stm32f10x_hd.o(.text)
    TIM8_TRG_COM_IRQHandler                  0x08000693   Thumb Code     0  startup_stm32f10x_hd.o(.text)
    TIM8_UP_IRQHandler                       0x08000693   Thumb Code     0  startup_stm32f10x_hd.o(.text)
    UART4_IRQHandler                         0x08000693   Thumb Code     0  startup_stm32f10x_hd.o(.text)
    UART5_IRQHandler                         0x08000693   Thumb Code     0  startup_stm32f10x_hd.o(.text)
    USART2_IRQHandler                        0x08000693   Thumb Code     0  startup_stm32f10x_hd.o(.text)
    USART3_IRQHandler                        0x08000693   Thumb Code     0  startup_stm32f10x_hd.o(.text)
    USBWakeUp_IRQHandler                     0x08000693   Thumb Code     0  startup_stm32f10x_hd.o(.text)
    USB_HP_CAN1_TX_IRQHandler                0x08000693   Thumb Code     0  startup_stm32f10x_hd.o(.text)
    USB_LP_CAN1_RX0_IRQHandler               0x08000693   Thumb Code     0  startup_stm32f10x_hd.o(.text)
    WWDG_IRQHandler                          0x08000693   Thumb Code     0  startup_stm32f10x_hd.o(.text)
    __user_initial_stackheap                 0x08000695   Thumb Code     0  startup_stm32f10x_hd.o(.text)
    delay_init                               0x080006b9   Thumb Code    50  delay.o(.text)
    delay_us                                 0x080006eb   Thumb Code    72  delay.o(.text)
    delay_ms                                 0x08000733   Thumb Code    72  delay.o(.text)
    _sys_exit                                0x0800078d   Thumb Code     6  usart.o(.text)
    fputc                                    0x08000793   Thumb Code    24  usart.o(.text)
    uart_init                                0x080007ab   Thumb Code   152  usart.o(.text)
    USART1_IRQHandler                        0x08000843   Thumb Code   122  usart.o(.text)
    LCD_WR_REG                               0x080008cd   Thumb Code    18  lcd.o(.text)
    LCD_WR_DATA                              0x080008df   Thumb Code    20  lcd.o(.text)
    LCD_RD_DATA                              0x080008f3   Thumb Code    16  lcd.o(.text)
    LCD_WriteReg                             0x08000903   Thumb Code    20  lcd.o(.text)
    LCD_ReadReg                              0x08000917   Thumb Code    22  lcd.o(.text)
    LCD_WriteRAM_Prepare                     0x0800092d   Thumb Code    10  lcd.o(.text)
    LCD_WriteRAM                             0x08000937   Thumb Code     8  lcd.o(.text)
    LCD_BGR2RGB                              0x0800093f   Thumb Code    26  lcd.o(.text)
    opt_delay                                0x08000959   Thumb Code    14  lcd.o(.text)
    LCD_SetCursor                            0x08000967   Thumb Code   418  lcd.o(.text)
    LCD_ReadPoint                            0x08000b09   Thumb Code   388  lcd.o(.text)
    LCD_DisplayOn                            0x08000c8d   Thumb Code   102  lcd.o(.text)
    LCD_DisplayOff                           0x08000cf3   Thumb Code    90  lcd.o(.text)
    LCD_Scan_Dir                             0x08000d4d   Thumb Code   744  lcd.o(.text)
    LCD_DrawPoint                            0x08001035   Thumb Code    28  lcd.o(.text)
    LCD_Fast_DrawPoint                       0x08001051   Thumb Code   384  lcd.o(.text)
    LCD_SSD_BackLightSet                     0x080011d1   Thumb Code    80  lcd.o(.text)
    LCD_Display_Dir                          0x08001221   Thumb Code   444  lcd.o(.text)
    LCD_Set_Window                           0x080013dd   Thumb Code   544  lcd.o(.text)
    LCD_Clear                                0x080015fd   Thumb Code   100  lcd.o(.text)
    LCD_Init                                 0x08001661   Thumb Code 14184  lcd.o(.text)
    LCD_Fill                                 0x08004dc9   Thumb Code   178  lcd.o(.text)
    LCD_Color_Fill                           0x08004e7b   Thumb Code   104  lcd.o(.text)
    LCD_DrawLine                             0x08004ee3   Thumb Code   176  lcd.o(.text)
    LCD_DrawRectangle                        0x08004f93   Thumb Code    60  lcd.o(.text)
    LCD_Draw_Circle                          0x08004fcf   Thumb Code   152  lcd.o(.text)
    LCD_ShowChar                             0x08005067   Thumb Code   272  lcd.o(.text)
    LCD_Pow                                  0x08005177   Thumb Code    22  lcd.o(.text)
    LCD_ShowNum                              0x0800518d   Thumb Code   148  lcd.o(.text)
    LCD_ShowxNum                             0x08005221   Thumb Code   220  lcd.o(.text)
    LCD_ShowString                           0x080052fd   Thumb Code   102  lcd.o(.text)
    LED_Init                                 0x08005365   Thumb Code    68  led.o(.text)
    TIM3_Int_Init                            0x080053b1   Thumb Code    90  timer.o(.text)
    TIM3_IRQHandler                          0x0800540b   Thumb Code    34  timer.o(.text)
    TIM4_Int_Init                            0x0800542d   Thumb Code    90  timer.o(.text)
    TIM4_IRQHandler                          0x08005487   Thumb Code    28  timer.o(.text)
    DM9000_WriteReg                          0x080054b5   Thumb Code    14  dm9000.o(.text)
    DM9000_ReadReg                           0x080054c3   Thumb Code    16  dm9000.o(.text)
    DM9000_PHY_ReadReg                       0x080054d3   Thumb Code    60  dm9000.o(.text)
    DM9000_Get_SpeedAndDuplex                0x0800550f   Thumb Code   110  dm9000.o(.text)
    DM9000_Set_Multicast                     0x0800557d   Thumb Code    28  dm9000.o(.text)
    DM9000_Set_MACAddress                    0x08005599   Thumb Code    28  dm9000.o(.text)
    DM9000_PHY_WriteReg                      0x080055b5   Thumb Code    56  dm9000.o(.text)
    DM9000_Set_PHYMode                       0x080055ed   Thumb Code    92  dm9000.o(.text)
    DM9000_Get_DeiviceID                     0x08005649   Thumb Code    44  dm9000.o(.text)
    DM9000_Reset                             0x08005675   Thumb Code   114  dm9000.o(.text)
    DM9000_Init                              0x080056e7   Thumb Code   678  dm9000.o(.text)
    DM9000_SendPacket                        0x0800598d   Thumb Code   162  dm9000.o(.text)
    DM9000_Receive_Packet                    0x08005a2f   Thumb Code   334  dm9000.o(.text)
    DMA9000_ISRHandler                       0x08005b7d   Thumb Code    52  dm9000.o(.text)
    EXTI9_5_IRQHandler                       0x08005bb1   Thumb Code    24  dm9000.o(.text)
    NVIC_PriorityGroupConfig                 0x08005cf1   Thumb Code    10  misc.o(.text)
    NVIC_Init                                0x08005cfb   Thumb Code   100  misc.o(.text)
    NVIC_SetVectorTable                      0x08005d5f   Thumb Code    14  misc.o(.text)
    NVIC_SystemLPConfig                      0x08005d6d   Thumb Code    34  misc.o(.text)
    SysTick_CLKSourceConfig                  0x08005d8f   Thumb Code    40  misc.o(.text)
    FSMC_NORSRAMDeInit                       0x08005dcd   Thumb Code    54  stm32f10x_fsmc.o(.text)
    FSMC_NANDDeInit                          0x08005e03   Thumb Code    62  stm32f10x_fsmc.o(.text)
    FSMC_PCCARDDeInit                        0x08005e41   Thumb Code    36  stm32f10x_fsmc.o(.text)
    FSMC_NORSRAMInit                         0x08005e65   Thumb Code   230  stm32f10x_fsmc.o(.text)
    FSMC_NANDInit                            0x08005f4b   Thumb Code   132  stm32f10x_fsmc.o(.text)
    FSMC_PCCARDInit                          0x08005fcf   Thumb Code   130  stm32f10x_fsmc.o(.text)
    FSMC_NORSRAMStructInit                   0x08006051   Thumb Code   114  stm32f10x_fsmc.o(.text)
    FSMC_NANDStructInit                      0x080060c3   Thumb Code    54  stm32f10x_fsmc.o(.text)
    FSMC_PCCARDStructInit                    0x080060f9   Thumb Code    60  stm32f10x_fsmc.o(.text)
    FSMC_NORSRAMCmd                          0x08006135   Thumb Code    46  stm32f10x_fsmc.o(.text)
    FSMC_NANDCmd                             0x08006163   Thumb Code    86  stm32f10x_fsmc.o(.text)
    FSMC_PCCARDCmd                           0x080061b9   Thumb Code    44  stm32f10x_fsmc.o(.text)
    FSMC_NANDECCCmd                          0x080061e5   Thumb Code    90  stm32f10x_fsmc.o(.text)
    FSMC_GetECC                              0x0800623f   Thumb Code    24  stm32f10x_fsmc.o(.text)
    FSMC_ITConfig                            0x08006257   Thumb Code   128  stm32f10x_fsmc.o(.text)
    FSMC_GetFlagStatus                       0x080062d7   Thumb Code    54  stm32f10x_fsmc.o(.text)
    FSMC_ClearFlag                           0x0800630d   Thumb Code    62  stm32f10x_fsmc.o(.text)
    FSMC_GetITStatus                         0x0800634b   Thumb Code    64  stm32f10x_fsmc.o(.text)
    FSMC_ClearITPendingBit                   0x0800638b   Thumb Code    68  stm32f10x_fsmc.o(.text)
    GPIO_DeInit                              0x080063d9   Thumb Code   172  stm32f10x_gpio.o(.text)
    GPIO_AFIODeInit                          0x08006485   Thumb Code    20  stm32f10x_gpio.o(.text)
    GPIO_Init                                0x08006499   Thumb Code   278  stm32f10x_gpio.o(.text)
    GPIO_StructInit                          0x080065af   Thumb Code    16  stm32f10x_gpio.o(.text)
    GPIO_ReadInputDataBit                    0x080065bf   Thumb Code    18  stm32f10x_gpio.o(.text)
    GPIO_ReadInputData                       0x080065d1   Thumb Code     8  stm32f10x_gpio.o(.text)
    GPIO_ReadOutputDataBit                   0x080065d9   Thumb Code    18  stm32f10x_gpio.o(.text)
    GPIO_ReadOutputData                      0x080065eb   Thumb Code     8  stm32f10x_gpio.o(.text)
    GPIO_SetBits                             0x080065f3   Thumb Code     4  stm32f10x_gpio.o(.text)
    GPIO_ResetBits                           0x080065f7   Thumb Code     4  stm32f10x_gpio.o(.text)
    GPIO_WriteBit                            0x080065fb   Thumb Code    10  stm32f10x_gpio.o(.text)
    GPIO_Write                               0x08006605   Thumb Code     4  stm32f10x_gpio.o(.text)
    GPIO_PinLockConfig                       0x08006609   Thumb Code    18  stm32f10x_gpio.o(.text)
    GPIO_EventOutputConfig                   0x0800661b   Thumb Code    26  stm32f10x_gpio.o(.text)
    GPIO_EventOutputCmd                      0x08006635   Thumb Code     6  stm32f10x_gpio.o(.text)
    GPIO_PinRemapConfig                      0x0800663b   Thumb Code   138  stm32f10x_gpio.o(.text)
    GPIO_EXTILineConfig                      0x080066c5   Thumb Code    66  stm32f10x_gpio.o(.text)
    GPIO_ETH_MediaInterfaceConfig            0x08006707   Thumb Code     8  stm32f10x_gpio.o(.text)
    RCC_DeInit                               0x08006735   Thumb Code    64  stm32f10x_rcc.o(.text)
    RCC_HSEConfig                            0x08006775   Thumb Code    70  stm32f10x_rcc.o(.text)
    RCC_GetFlagStatus                        0x080067bb   Thumb Code    56  stm32f10x_rcc.o(.text)
    RCC_WaitForHSEStartUp                    0x080067f3   Thumb Code    56  stm32f10x_rcc.o(.text)
    RCC_AdjustHSICalibrationValue            0x0800682b   Thumb Code    20  stm32f10x_rcc.o(.text)
    RCC_HSICmd                               0x0800683f   Thumb Code     6  stm32f10x_rcc.o(.text)
    RCC_PLLConfig                            0x08006845   Thumb Code    24  stm32f10x_rcc.o(.text)
    RCC_PLLCmd                               0x0800685d   Thumb Code     6  stm32f10x_rcc.o(.text)
    RCC_SYSCLKConfig                         0x08006863   Thumb Code    18  stm32f10x_rcc.o(.text)
    RCC_GetSYSCLKSource                      0x08006875   Thumb Code    10  stm32f10x_rcc.o(.text)
    RCC_HCLKConfig                           0x0800687f   Thumb Code    18  stm32f10x_rcc.o(.text)
    RCC_PCLK1Config                          0x08006891   Thumb Code    18  stm32f10x_rcc.o(.text)
    RCC_PCLK2Config                          0x080068a3   Thumb Code    20  stm32f10x_rcc.o(.text)
    RCC_ITConfig                             0x080068b7   Thumb Code    26  stm32f10x_rcc.o(.text)
    RCC_USBCLKConfig                         0x080068d1   Thumb Code     8  stm32f10x_rcc.o(.text)
    RCC_ADCCLKConfig                         0x080068d9   Thumb Code    18  stm32f10x_rcc.o(.text)
    RCC_LSEConfig                            0x080068eb   Thumb Code    50  stm32f10x_rcc.o(.text)
    RCC_LSICmd                               0x0800691d   Thumb Code     6  stm32f10x_rcc.o(.text)
    RCC_RTCCLKConfig                         0x08006923   Thumb Code    12  stm32f10x_rcc.o(.text)
    RCC_RTCCLKCmd                            0x0800692f   Thumb Code     8  stm32f10x_rcc.o(.text)
    RCC_GetClocksFreq                        0x08006937   Thumb Code   192  stm32f10x_rcc.o(.text)
    RCC_AHBPeriphClockCmd                    0x080069f7   Thumb Code    26  stm32f10x_rcc.o(.text)
    RCC_APB2PeriphClockCmd                   0x08006a11   Thumb Code    26  stm32f10x_rcc.o(.text)
    RCC_APB1PeriphClockCmd                   0x08006a2b   Thumb Code    26  stm32f10x_rcc.o(.text)
    RCC_APB2PeriphResetCmd                   0x08006a45   Thumb Code    26  stm32f10x_rcc.o(.text)
    RCC_APB1PeriphResetCmd                   0x08006a5f   Thumb Code    26  stm32f10x_rcc.o(.text)
    RCC_BackupResetCmd                       0x08006a79   Thumb Code     8  stm32f10x_rcc.o(.text)
    RCC_ClockSecuritySystemCmd               0x08006a81   Thumb Code     6  stm32f10x_rcc.o(.text)
    RCC_MCOConfig                            0x08006a87   Thumb Code     6  stm32f10x_rcc.o(.text)
    RCC_ClearFlag                            0x08006a8d   Thumb Code    14  stm32f10x_rcc.o(.text)
    RCC_GetITStatus                          0x08006a9b   Thumb Code    20  stm32f10x_rcc.o(.text)
    RCC_ClearITPendingBit                    0x08006aaf   Thumb Code     6  stm32f10x_rcc.o(.text)
    TIM_DeInit                               0x08006ad9   Thumb Code   424  stm32f10x_tim.o(.text)
    TIM_TimeBaseInit                         0x08006c81   Thumb Code   122  stm32f10x_tim.o(.text)
    TIM_OC1Init                              0x08006cfb   Thumb Code   132  stm32f10x_tim.o(.text)
    TIM_OC2Init                              0x08006d7f   Thumb Code   154  stm32f10x_tim.o(.text)
    TIM_OC3Init                              0x08006e19   Thumb Code   150  stm32f10x_tim.o(.text)
    TIM_OC4Init                              0x08006eaf   Thumb Code   182  stm32f10x_tim.o(.text)
    TIM_SetIC4Prescaler                      0x08006f65   Thumb Code    26  stm32f10x_tim.o(.text)
    TIM_SetIC3Prescaler                      0x08007001   Thumb Code    18  stm32f10x_tim.o(.text)
    TIM_SetIC2Prescaler                      0x0800708d   Thumb Code    26  stm32f10x_tim.o(.text)
    TIM_SetIC1Prescaler                      0x08007129   Thumb Code    18  stm32f10x_tim.o(.text)
    TIM_ICInit                               0x080071a7   Thumb Code   150  stm32f10x_tim.o(.text)
    TIM_PWMIConfig                           0x0800723d   Thumb Code   124  stm32f10x_tim.o(.text)
    TIM_BDTRConfig                           0x080072b9   Thumb Code    32  stm32f10x_tim.o(.text)
    TIM_TimeBaseStructInit                   0x080072d9   Thumb Code    18  stm32f10x_tim.o(.text)
    TIM_OCStructInit                         0x080072eb   Thumb Code    20  stm32f10x_tim.o(.text)
    TIM_ICStructInit                         0x080072ff   Thumb Code    18  stm32f10x_tim.o(.text)
    TIM_BDTRStructInit                       0x08007311   Thumb Code    40  stm32f10x_tim.o(.text)
    TIM_Cmd                                  0x08007339   Thumb Code    24  stm32f10x_tim.o(.text)
    TIM_CtrlPWMOutputs                       0x08007351   Thumb Code    30  stm32f10x_tim.o(.text)
    TIM_ITConfig                             0x0800736f   Thumb Code    18  stm32f10x_tim.o(.text)
    TIM_GenerateEvent                        0x08007381   Thumb Code     4  stm32f10x_tim.o(.text)
    TIM_DMAConfig                            0x08007385   Thumb Code    10  stm32f10x_tim.o(.text)
    TIM_DMACmd                               0x0800738f   Thumb Code    18  stm32f10x_tim.o(.text)
    TIM_InternalClockConfig                  0x080073a1   Thumb Code    12  stm32f10x_tim.o(.text)
    TIM_SelectInputTrigger                   0x080073ad   Thumb Code    18  stm32f10x_tim.o(.text)
    TIM_ITRxExternalClockConfig              0x080073bf   Thumb Code    24  stm32f10x_tim.o(.text)
    TIM_TIxExternalClockConfig               0x080073d7   Thumb Code    62  stm32f10x_tim.o(.text)
    TIM_ETRConfig                            0x08007415   Thumb Code    28  stm32f10x_tim.o(.text)
    TIM_ETRClockMode1Config                  0x08007431   Thumb Code    54  stm32f10x_tim.o(.text)
    TIM_ETRClockMode2Config                  0x08007467   Thumb Code    32  stm32f10x_tim.o(.text)
    TIM_PrescalerConfig                      0x08007487   Thumb Code     6  stm32f10x_tim.o(.text)
    TIM_CounterModeConfig                    0x0800748d   Thumb Code    18  stm32f10x_tim.o(.text)
    TIM_EncoderInterfaceConfig               0x0800749f   Thumb Code    66  stm32f10x_tim.o(.text)
    TIM_ForcedOC1Config                      0x080074e1   Thumb Code    18  stm32f10x_tim.o(.text)
    TIM_ForcedOC2Config                      0x080074f3   Thumb Code    26  stm32f10x_tim.o(.text)
    TIM_ForcedOC3Config                      0x0800750d   Thumb Code    18  stm32f10x_tim.o(.text)
    TIM_ForcedOC4Config                      0x0800751f   Thumb Code    26  stm32f10x_tim.o(.text)
    TIM_ARRPreloadConfig                     0x08007539   Thumb Code    24  stm32f10x_tim.o(.text)
    TIM_SelectCOM                            0x08007551   Thumb Code    24  stm32f10x_tim.o(.text)
    TIM_SelectCCDMA                          0x08007569   Thumb Code    24  stm32f10x_tim.o(.text)
    TIM_CCPreloadControl                     0x08007581   Thumb Code    24  stm32f10x_tim.o(.text)
    TIM_OC1PreloadConfig                     0x08007599   Thumb Code    18  stm32f10x_tim.o(.text)
    TIM_OC2PreloadConfig                     0x080075ab   Thumb Code    26  stm32f10x_tim.o(.text)
    TIM_OC3PreloadConfig                     0x080075c5   Thumb Code    18  stm32f10x_tim.o(.text)
    TIM_OC4PreloadConfig                     0x080075d7   Thumb Code    26  stm32f10x_tim.o(.text)
    TIM_OC1FastConfig                        0x080075f1   Thumb Code    18  stm32f10x_tim.o(.text)
    TIM_OC2FastConfig                        0x08007603   Thumb Code    26  stm32f10x_tim.o(.text)
    TIM_OC3FastConfig                        0x0800761d   Thumb Code    18  stm32f10x_tim.o(.text)
    TIM_OC4FastConfig                        0x0800762f   Thumb Code    26  stm32f10x_tim.o(.text)
    TIM_ClearOC1Ref                          0x08007649   Thumb Code    18  stm32f10x_tim.o(.text)
    TIM_ClearOC2Ref                          0x0800765b   Thumb Code    24  stm32f10x_tim.o(.text)
    TIM_ClearOC3Ref                          0x08007673   Thumb Code    18  stm32f10x_tim.o(.text)
    TIM_ClearOC4Ref                          0x08007685   Thumb Code    24  stm32f10x_tim.o(.text)
    TIM_OC1PolarityConfig                    0x0800769d   Thumb Code    18  stm32f10x_tim.o(.text)
    TIM_OC1NPolarityConfig                   0x080076af   Thumb Code    18  stm32f10x_tim.o(.text)
    TIM_OC2PolarityConfig                    0x080076c1   Thumb Code    26  stm32f10x_tim.o(.text)
    TIM_OC2NPolarityConfig                   0x080076db   Thumb Code    26  stm32f10x_tim.o(.text)
    TIM_OC3PolarityConfig                    0x080076f5   Thumb Code    26  stm32f10x_tim.o(.text)
    TIM_OC3NPolarityConfig                   0x0800770f   Thumb Code    26  stm32f10x_tim.o(.text)
    TIM_OC4PolarityConfig                    0x08007729   Thumb Code    26  stm32f10x_tim.o(.text)
    TIM_CCxCmd                               0x08007743   Thumb Code    30  stm32f10x_tim.o(.text)
    TIM_CCxNCmd                              0x08007761   Thumb Code    30  stm32f10x_tim.o(.text)
    TIM_SelectOCxM                           0x0800777f   Thumb Code    82  stm32f10x_tim.o(.text)
    TIM_UpdateDisableConfig                  0x080077d1   Thumb Code    24  stm32f10x_tim.o(.text)
    TIM_UpdateRequestConfig                  0x080077e9   Thumb Code    24  stm32f10x_tim.o(.text)
    TIM_SelectHallSensor                     0x08007801   Thumb Code    24  stm32f10x_tim.o(.text)
    TIM_SelectOnePulseMode                   0x08007819   Thumb Code    18  stm32f10x_tim.o(.text)
    TIM_SelectOutputTrigger                  0x0800782b   Thumb Code    18  stm32f10x_tim.o(.text)
    TIM_SelectSlaveMode                      0x0800783d   Thumb Code    18  stm32f10x_tim.o(.text)
    TIM_SelectMasterSlaveMode                0x0800784f   Thumb Code    18  stm32f10x_tim.o(.text)
    TIM_SetCounter                           0x08007861   Thumb Code     4  stm32f10x_tim.o(.text)
    TIM_SetAutoreload                        0x08007865   Thumb Code     4  stm32f10x_tim.o(.text)
    TIM_SetCompare1                          0x08007869   Thumb Code     4  stm32f10x_tim.o(.text)
    TIM_SetCompare2                          0x0800786d   Thumb Code     4  stm32f10x_tim.o(.text)
    TIM_SetCompare3                          0x08007871   Thumb Code     4  stm32f10x_tim.o(.text)
    TIM_SetCompare4                          0x08007875   Thumb Code     6  stm32f10x_tim.o(.text)
    TIM_SetClockDivision                     0x0800787b   Thumb Code    18  stm32f10x_tim.o(.text)
    TIM_GetCapture1                          0x0800788d   Thumb Code     6  stm32f10x_tim.o(.text)
    TIM_GetCapture2                          0x08007893   Thumb Code     6  stm32f10x_tim.o(.text)
    TIM_GetCapture3                          0x08007899   Thumb Code     6  stm32f10x_tim.o(.text)
    TIM_GetCapture4                          0x0800789f   Thumb Code     8  stm32f10x_tim.o(.text)
    TIM_GetCounter                           0x080078a7   Thumb Code     6  stm32f10x_tim.o(.text)
    TIM_GetPrescaler                         0x080078ad   Thumb Code     6  stm32f10x_tim.o(.text)
    TIM_GetFlagStatus                        0x080078b3   Thumb Code    18  stm32f10x_tim.o(.text)
    TIM_ClearFlag                            0x080078c5   Thumb Code     6  stm32f10x_tim.o(.text)
    TIM_GetITStatus                          0x080078cb   Thumb Code    34  stm32f10x_tim.o(.text)
    TIM_ClearITPendingBit                    0x080078ed   Thumb Code     6  stm32f10x_tim.o(.text)
    USART_DeInit                             0x080078f5   Thumb Code   134  stm32f10x_usart.o(.text)
    USART_Init                               0x0800797b   Thumb Code   210  stm32f10x_usart.o(.text)
    USART_StructInit                         0x08007a4d   Thumb Code    24  stm32f10x_usart.o(.text)
    USART_ClockInit                          0x08007a65   Thumb Code    34  stm32f10x_usart.o(.text)
    USART_ClockStructInit                    0x08007a87   Thumb Code    12  stm32f10x_usart.o(.text)
    USART_Cmd                                0x08007a93   Thumb Code    24  stm32f10x_usart.o(.text)
    USART_ITConfig                           0x08007aab   Thumb Code    74  stm32f10x_usart.o(.text)
    USART_DMACmd                             0x08007af5   Thumb Code    18  stm32f10x_usart.o(.text)
    USART_SetAddress                         0x08007b07   Thumb Code    18  stm32f10x_usart.o(.text)
    USART_WakeUpConfig                       0x08007b19   Thumb Code    18  stm32f10x_usart.o(.text)
    USART_ReceiverWakeUpCmd                  0x08007b2b   Thumb Code    24  stm32f10x_usart.o(.text)
    USART_LINBreakDetectLengthConfig         0x08007b43   Thumb Code    18  stm32f10x_usart.o(.text)
    USART_LINCmd                             0x08007b55   Thumb Code    24  stm32f10x_usart.o(.text)
    USART_SendData                           0x08007b6d   Thumb Code     8  stm32f10x_usart.o(.text)
    USART_ReceiveData                        0x08007b75   Thumb Code    10  stm32f10x_usart.o(.text)
    USART_SendBreak                          0x08007b7f   Thumb Code    10  stm32f10x_usart.o(.text)
    USART_SetGuardTime                       0x08007b89   Thumb Code    16  stm32f10x_usart.o(.text)
    USART_SetPrescaler                       0x08007b99   Thumb Code    16  stm32f10x_usart.o(.text)
    USART_SmartCardCmd                       0x08007ba9   Thumb Code    24  stm32f10x_usart.o(.text)
    USART_SmartCardNACKCmd                   0x08007bc1   Thumb Code    24  stm32f10x_usart.o(.text)
    USART_HalfDuplexCmd                      0x08007bd9   Thumb Code    24  stm32f10x_usart.o(.text)
    USART_OverSampling8Cmd                   0x08007bf1   Thumb Code    22  stm32f10x_usart.o(.text)
    USART_OneBitMethodCmd                    0x08007c07   Thumb Code    24  stm32f10x_usart.o(.text)
    USART_IrDAConfig                         0x08007c1f   Thumb Code    18  stm32f10x_usart.o(.text)
    USART_IrDACmd                            0x08007c31   Thumb Code    24  stm32f10x_usart.o(.text)
    USART_GetFlagStatus                      0x08007c49   Thumb Code    26  stm32f10x_usart.o(.text)
    USART_ClearFlag                          0x08007c63   Thumb Code    18  stm32f10x_usart.o(.text)
    USART_GetITStatus                        0x08007c75   Thumb Code    84  stm32f10x_usart.o(.text)
    USART_ClearITPendingBit                  0x08007cc9   Thumb Code    52  stm32f10x_usart.o(.text)
    EXTI_DeInit                              0x08007cfd   Thumb Code    28  stm32f10x_exti.o(.text)
    EXTI_Init                                0x08007d19   Thumb Code   142  stm32f10x_exti.o(.text)
    EXTI_StructInit                          0x08007da7   Thumb Code    16  stm32f10x_exti.o(.text)
    EXTI_GenerateSWInterrupt                 0x08007db7   Thumb Code    16  stm32f10x_exti.o(.text)
    EXTI_GetFlagStatus                       0x08007dc7   Thumb Code    22  stm32f10x_exti.o(.text)
    EXTI_ClearFlag                           0x08007ddd   Thumb Code     8  stm32f10x_exti.o(.text)
    EXTI_GetITStatus                         0x08007de5   Thumb Code    34  stm32f10x_exti.o(.text)
    EXTI_ClearITPendingBit                   0x08007e07   Thumb Code     8  stm32f10x_exti.o(.text)
    usmart_sys_cmd_exe                       0x08007e19   Thumb Code  1554  usmart.o(.text)
    usmart_reset_runtime                     0x0800842b   Thumb Code    34  usmart.o(.text)
    usmart_get_runtime                       0x0800844d   Thumb Code    58  usmart.o(.text)
    TIM2_IRQHandler                          0x08008487   Thumb Code    52  usmart.o(.text)
    Timer2_Init                              0x080084bb   Thumb Code    90  usmart.o(.text)
    usmart_init                              0x08008515   Thumb Code    36  usmart.o(.text)
    usmart_cmd_rec                           0x08008539   Thumb Code   170  usmart.o(.text)
    usmart_exe                               0x080085e3   Thumb Code   864  usmart.o(.text)
    usmart_scan                              0x08008943   Thumb Code   120  usmart.o(.text)
    read_addr                                0x080089bb   Thumb Code     6  usmart.o(.text)
    write_addr                               0x080089c1   Thumb Code     4  usmart.o(.text)
    usmart_strcmp                            0x08008a4d   Thumb Code    34  usmart_str.o(.text)
    usmart_strcopy                           0x08008a6f   Thumb Code    22  usmart_str.o(.text)
    usmart_strlen                            0x08008a85   Thumb Code    24  usmart_str.o(.text)
    usmart_pow                               0x08008a9d   Thumb Code    22  usmart_str.o(.text)
    usmart_str2num                           0x08008ab3   Thumb Code   202  usmart_str.o(.text)
    usmart_get_cmdname                       0x08008b7d   Thumb Code    54  usmart_str.o(.text)
    usmart_search_nextc                      0x08008bb3   Thumb Code    22  usmart_str.o(.text)
    usmart_get_fname                         0x08008bc9   Thumb Code   440  usmart_str.o(.text)
    usmart_get_aparm                         0x08008d81   Thumb Code   200  usmart_str.o(.text)
    usmart_get_parmpos                       0x08008e49   Thumb Code    26  usmart_str.o(.text)
    usmart_get_fparam                        0x08008e63   Thumb Code   262  usmart_str.o(.text)
    mem_init                                 0x0800904f   Thumb Code    78  mem.o(.text)
    mem_free                                 0x0800909d   Thumb Code   148  mem.o(.text)
    mem_trim                                 0x08009131   Thumb Code   308  mem.o(.text)
    mem_malloc                               0x08009265   Thumb Code   740  mem.o(.text)
    mem_calloc                               0x08009549   Thumb Code    34  mem.o(.text)
    memp_get_memorysize                      0x08009619   Thumb Code     8  memp.o(.text)
    memp_init                                0x08009621   Thumb Code    86  memp.o(.text)
    memp_malloc                              0x08009677   Thumb Code    88  memp.o(.text)
    memp_free                                0x080096cf   Thumb Code    58  memp.o(.text)
    pbuf_free                                0x080097cd   Thumb Code   244  pbuf.o(.text)
    pbuf_alloc                               0x080098c1   Thumb Code   644  pbuf.o(.text)
    pbuf_alloced_custom                      0x08009b45   Thumb Code   674  pbuf.o(.text)
    pbuf_realloc                             0x08009de7   Thumb Code   268  pbuf.o(.text)
    pbuf_header                              0x08009ef3   Thumb Code   206  pbuf.o(.text)
    pbuf_clen                                0x08009fc1   Thumb Code    18  pbuf.o(.text)
    pbuf_ref                                 0x08009fd3   Thumb Code    10  pbuf.o(.text)
    pbuf_cat                                 0x08009fdd   Thumb Code   138  pbuf.o(.text)
    pbuf_chain                               0x0800a067   Thumb Code    22  pbuf.o(.text)
    pbuf_dechain                             0x0800a07d   Thumb Code   122  pbuf.o(.text)
    pbuf_copy                                0x0800a0f7   Thumb Code   814  pbuf.o(.text)
    pbuf_copy_partial                        0x0800a425   Thumb Code   190  pbuf.o(.text)
    pbuf_take                                0x0800a4e3   Thumb Code   210  pbuf.o(.text)
    pbuf_coalesce                            0x0800a5b5   Thumb Code    84  pbuf.o(.text)
    pbuf_get_at                              0x0800a609   Thumb Code    46  pbuf.o(.text)
    pbuf_memcmp                              0x0800a637   Thumb Code    96  pbuf.o(.text)
    pbuf_memfind                             0x0800a697   Thumb Code    76  pbuf.o(.text)
    pbuf_strstr                              0x0800a6e3   Thumb Code    60  pbuf.o(.text)
    ecu_main_enter                           0x0800a809   Thumb Code     2  mainloop.o(.text)
    ini_main_loop                            0x0800a80b   Thumb Code   118  mainloop.o(.text)
    task_add_fun                             0x0800a881   Thumb Code    64  mainloop.o(.text)
    task_queue_fun                           0x0800a8c1   Thumb Code    66  mainloop.o(.text)
    task_event_fun                           0x0800a903   Thumb Code    62  mainloop.o(.text)
    task_timer_fun                           0x0800a941   Thumb Code   420  mainloop.o(.text)
    ecu_main_loop                            0x0800aae5   Thumb Code    16  mainloop.o(.text)
    Art_conf                                 0x0800aaf5   Thumb Code     2  mainloop.o(.text)
    task_bas04                               0x0800aaf7   Thumb Code     2  mainloop.o(.text)
    task_bas05                               0x0800aaf9   Thumb Code     2  mainloop.o(.text)
    task_bas0C                               0x0800aafb   Thumb Code     2  mainloop.o(.text)
    task_bas00                               0x0800aafd   Thumb Code     2  mainloop.o(.text)
    task_bas01                               0x0800aaff   Thumb Code     2  mainloop.o(.text)
    task_bas02                               0x0800ab01   Thumb Code     2  mainloop.o(.text)
    task_bas03                               0x0800ab03   Thumb Code     2  mainloop.o(.text)
    task_bas06                               0x0800ab05   Thumb Code     2  mainloop.o(.text)
    task_bas07                               0x0800ab07   Thumb Code     2  mainloop.o(.text)
    task_bas08                               0x0800ab09   Thumb Code     2  mainloop.o(.text)
    task_bas09                               0x0800ab0b   Thumb Code     2  mainloop.o(.text)
    task_bas0A                               0x0800ab0d   Thumb Code    14  mainloop.o(.text)
    task_bas0B                               0x0800ab1b   Thumb Code     2  mainloop.o(.text)
    task_bas0D                               0x0800ab1d   Thumb Code     2  mainloop.o(.text)
    task_bas0E                               0x0800ab1f   Thumb Code     2  mainloop.o(.text)
    task_bas0F                               0x0800ab21   Thumb Code     2  mainloop.o(.text)
    task_bas10                               0x0800ab23   Thumb Code     2  mainloop.o(.text)
    task_bas11                               0x0800ab25   Thumb Code     2  mainloop.o(.text)
    task_bas1A                               0x0800ab27   Thumb Code     2  mainloop.o(.text)
    task_bas12                               0x0800ab29   Thumb Code     2  mainloop.o(.text)
    task_bas13                               0x0800ab2b   Thumb Code     2  mainloop.o(.text)
    task_bas14                               0x0800ab2d   Thumb Code     2  mainloop.o(.text)
    task_bas15                               0x0800ab2f   Thumb Code     2  mainloop.o(.text)
    task_bas16                               0x0800ab31   Thumb Code     2  mainloop.o(.text)
    task_bas17                               0x0800ab33   Thumb Code     2  mainloop.o(.text)
    task_bas18                               0x0800ab35   Thumb Code     2  mainloop.o(.text)
    task_bas19                               0x0800ab37   Thumb Code     2  mainloop.o(.text)
    task_bas1B                               0x0800ab39   Thumb Code     2  mainloop.o(.text)
    task_bas1C                               0x0800ab3b   Thumb Code     2  mainloop.o(.text)
    task_bas1D                               0x0800ab3d   Thumb Code     2  mainloop.o(.text)
    task_bas1E                               0x0800ab3f   Thumb Code     2  mainloop.o(.text)
    task_bas1F                               0x0800ab41   Thumb Code     2  mainloop.o(.text)
    task_bas20                               0x0800ab43   Thumb Code     2  mainloop.o(.text)
    task_bas22                               0x0800ab45   Thumb Code     2  mainloop.o(.text)
    task_bas21                               0x0800ab47   Thumb Code     2  mainloop.o(.text)
    task_bas2B                               0x0800ab49   Thumb Code     2  mainloop.o(.text)
    task_bas2C                               0x0800ab4b   Thumb Code     2  mainloop.o(.text)
    task_bas2D                               0x0800ab4d   Thumb Code     2  mainloop.o(.text)
    task_bas2E                               0x0800ab4f   Thumb Code     2  mainloop.o(.text)
    task_bas23                               0x0800ab51   Thumb Code     2  mainloop.o(.text)
    task_bas24                               0x0800ab53   Thumb Code     2  mainloop.o(.text)
    task_bas25                               0x0800ab55   Thumb Code     2  mainloop.o(.text)
    task_bas26                               0x0800ab57   Thumb Code     2  mainloop.o(.text)
    task_bas27                               0x0800ab59   Thumb Code     2  mainloop.o(.text)
    task_bas28                               0x0800ab5b   Thumb Code     2  mainloop.o(.text)
    task_bas29                               0x0800ab5d   Thumb Code     2  mainloop.o(.text)
    task_bas2A                               0x0800ab5f   Thumb Code     2  mainloop.o(.text)
    task_bas2F                               0x0800ab61   Thumb Code     2  mainloop.o(.text)
    task_event_0                             0x0800ab63   Thumb Code     2  mainloop.o(.text)
    task_event_1                             0x0800ab65   Thumb Code     2  mainloop.o(.text)
    task_event_2                             0x0800ab67   Thumb Code     2  mainloop.o(.text)
    task_event_3                             0x0800ab69   Thumb Code     2  mainloop.o(.text)
    task_event_4                             0x0800ab6b   Thumb Code     2  mainloop.o(.text)
    task_event_5                             0x0800ab6d   Thumb Code     2  mainloop.o(.text)
    task_5ms_timer_0                         0x0800abc5   Thumb Code     2  timer_1.o(.text)
    task_5ms_timer_1                         0x0800abc7   Thumb Code     2  timer_1.o(.text)
    task_5ms_timer_2                         0x0800abc9   Thumb Code     2  timer_1.o(.text)
    task_5ms_timer_3                         0x0800abcb   Thumb Code     2  timer_1.o(.text)
    task_5ms_timer_4                         0x0800abcd   Thumb Code     2  timer_1.o(.text)
    task_10ms_timer_0                        0x0800abcf   Thumb Code     2  timer_1.o(.text)
    task_10ms_timer_1                        0x0800abd1   Thumb Code     2  timer_1.o(.text)
    task_10ms_timer_2                        0x0800abd3   Thumb Code     2  timer_1.o(.text)
    task_10ms_timer_3                        0x0800abd5   Thumb Code     2  timer_1.o(.text)
    task_10ms_timer_4                        0x0800abd7   Thumb Code     2  timer_1.o(.text)
    task_10ms_timer_5                        0x0800abd9   Thumb Code     2  timer_1.o(.text)
    task_10ms_timer_6                        0x0800abdb   Thumb Code     2  timer_1.o(.text)
    task_10ms_timer_7                        0x0800abdd   Thumb Code     2  timer_1.o(.text)
    task_10ms_timer_8                        0x0800abdf   Thumb Code     2  timer_1.o(.text)
    task_10ms_timer_9                        0x0800abe1   Thumb Code     2  timer_1.o(.text)
    task_100ms_timer_0                       0x0800abe3   Thumb Code     2  timer_1.o(.text)
    task_100ms_timer_1                       0x0800abe5   Thumb Code     2  timer_1.o(.text)
    task_100ms_timer_2                       0x0800abe7   Thumb Code     2  timer_1.o(.text)
    task_100ms_timer_3                       0x0800abe9   Thumb Code     2  timer_1.o(.text)
    task_100ms_timer_4                       0x0800abeb   Thumb Code     2  timer_1.o(.text)
    task_100ms_timer_5                       0x0800abed   Thumb Code     2  timer_1.o(.text)
    task_100ms_timer_6                       0x0800abef   Thumb Code     2  timer_1.o(.text)
    task_100ms_timer_7                       0x0800abf1   Thumb Code     2  timer_1.o(.text)
    task_100ms_timer_8                       0x0800abf3   Thumb Code     2  timer_1.o(.text)
    task_100ms_timer_9                       0x0800abf5   Thumb Code     2  timer_1.o(.text)
    task_1000ms_timer_0                      0x0800abf7   Thumb Code    14  timer_1.o(.text)
    task_1000ms_timer_1                      0x0800ac05   Thumb Code     2  timer_1.o(.text)
    task_1000ms_timer_2                      0x0800ac07   Thumb Code     2  timer_1.o(.text)
    task_1000ms_timer_3                      0x0800ac09   Thumb Code     2  timer_1.o(.text)
    task_1000ms_timer_4                      0x0800ac0b   Thumb Code     2  timer_1.o(.text)
    task_1000ms_timer_5                      0x0800ac0d   Thumb Code     2  timer_1.o(.text)
    task_1000ms_timer_6                      0x0800ac0f   Thumb Code     2  timer_1.o(.text)
    task_1000ms_timer_7                      0x0800ac11   Thumb Code     2  timer_1.o(.text)
    task_1000ms_timer_8                      0x0800ac13   Thumb Code     2  timer_1.o(.text)
    task_1000ms_timer_9                      0x0800ac15   Thumb Code     2  timer_1.o(.text)
    __use_no_semihosting                     0x0800ac21   Thumb Code     2  use_no_semi_2.o(.text)
    __2printf                                0x0800ac25   Thumb Code    20  noretval__2printf.o(.text)
    __2sprintf                               0x0800ac3d   Thumb Code    34  noretval__2sprintf.o(.text)
    _printf_pre_padding                      0x0800ac65   Thumb Code    44  _printf_pad.o(.text)
    _printf_post_padding                     0x0800ac91   Thumb Code    34  _printf_pad.o(.text)
    _printf_str                              0x0800acb3   Thumb Code    82  _printf_str.o(.text)
    _printf_int_dec                          0x0800ad05   Thumb Code   104  _printf_dec.o(.text)
    _printf_int_hex                          0x0800ad7d   Thumb Code    84  _printf_hex_int.o(.text)
    _printf_longlong_hex                     0x0800ad7d   Thumb Code     0  _printf_hex_int.o(.text)
    __printf                                 0x0800add5   Thumb Code   388  __printf_flags_ss_wp.o(.text)
    strlen                                   0x0800af5d   Thumb Code    62  strlen.o(.text)
    __aeabi_memcpy                           0x0800af9b   Thumb Code     0  rt_memcpy_v6.o(.text)
    __rt_memcpy                              0x0800af9b   Thumb Code   138  rt_memcpy_v6.o(.text)
    _memcpy_lastbytes                        0x0800b001   Thumb Code     0  rt_memcpy_v6.o(.text)
    __aeabi_memclr                           0x0800b025   Thumb Code     0  rt_memclr.o(.text)
    __rt_memclr                              0x0800b025   Thumb Code    68  rt_memclr.o(.text)
    _memset                                  0x0800b029   Thumb Code     0  rt_memclr.o(.text)
    __aeabi_memclr4                          0x0800b069   Thumb Code     0  rt_memclr_w.o(.text)
    __aeabi_memclr8                          0x0800b069   Thumb Code     0  rt_memclr_w.o(.text)
    __rt_memclr_w                            0x0800b069   Thumb Code    78  rt_memclr_w.o(.text)
    _memset_w                                0x0800b06d   Thumb Code     0  rt_memclr_w.o(.text)
    __use_two_region_memory                  0x0800b0b7   Thumb Code     2  heapauxi.o(.text)
    __rt_heap_escrow$2region                 0x0800b0b9   Thumb Code     2  heapauxi.o(.text)
    __rt_heap_expand$2region                 0x0800b0bb   Thumb Code     2  heapauxi.o(.text)
    __I$use$semihosting                      0x0800b0bd   Thumb Code     0  use_no_semi.o(.text)
    __use_no_semihosting_swi                 0x0800b0bd   Thumb Code     2  use_no_semi.o(.text)
    _printf_int_common                       0x0800b0bf   Thumb Code   178  _printf_intcommon.o(.text)
    _printf_char_common                      0x0800b17b   Thumb Code    32  _printf_char_common.o(.text)
    _sputc                                   0x0800b1a1   Thumb Code    10  _sputc.o(.text)
    _printf_cs_common                        0x0800b1ab   Thumb Code    20  _printf_char.o(.text)
    _printf_char                             0x0800b1bf   Thumb Code    16  _printf_char.o(.text)
    _printf_string                           0x0800b1cf   Thumb Code     8  _printf_char.o(.text)
    _printf_char_file                        0x0800b1d9   Thumb Code    32  _printf_char_file.o(.text)
    __aeabi_memcpy4                          0x0800b1fd   Thumb Code     0  rt_memcpy_w.o(.text)
    __aeabi_memcpy8                          0x0800b1fd   Thumb Code     0  rt_memcpy_w.o(.text)
    __rt_memcpy_w                            0x0800b1fd   Thumb Code   100  rt_memcpy_w.o(.text)
    _memcpy_lastbytes_aligned                0x0800b245   Thumb Code     0  rt_memcpy_w.o(.text)
    ferror                                   0x0800b261   Thumb Code     8  ferror.o(.text)
    __user_setup_stackheap                   0x0800b269   Thumb Code    74  sys_stackheap_outer.o(.text)
    exit                                     0x0800b2b3   Thumb Code    18  exit.o(.text)
    __user_libspace                          0x0800b2c5   Thumb Code     8  libspace.o(.text)
    __user_perproc_libspace                  0x0800b2c5   Thumb Code     0  libspace.o(.text)
    __user_perthread_libspace                0x0800b2c5   Thumb Code     0  libspace.o(.text)
    _is_digit                                0x0800b2cd   Thumb Code    14  __printf_wp.o(i._is_digit)
    __aeabi_d2uiz                            0x0800b2dd   Thumb Code     0  dfixu.o(x$fpl$dfixu)
    _dfixu                                   0x0800b2dd   Thumb Code    90  dfixu.o(x$fpl$dfixu)
    __aeabi_ui2d                             0x0800b337   Thumb Code     0  dflt_clz.o(x$fpl$dfltu)
    _dfltu                                   0x0800b337   Thumb Code    38  dflt_clz.o(x$fpl$dfltu)
    __aeabi_dmul                             0x0800b35d   Thumb Code     0  dmul.o(x$fpl$dmul)
    _dmul                                    0x0800b35d   Thumb Code   332  dmul.o(x$fpl$dmul)
    __fpl_dnaninf                            0x0800b4b1   Thumb Code   156  dnaninf.o(x$fpl$dnaninf)
    __fpl_dretinf                            0x0800b54d   Thumb Code    12  dretinf.o(x$fpl$dretinf)
    __I$use$fp                               0x0800b558   Number         0  usenofp.o(x$fpl$usenofp)
    asc2_1206                                0x0800b558   Data        1140  lcd.o(.constdata)
    asc2_1608                                0x0800b9cc   Data        1520  lcd.o(.constdata)
    asc2_2412                                0x0800bfbc   Data        3420  lcd.o(.constdata)
    MTASK_fun                                0x0800cd40   Data         192  mainloop.o(.constdata)
    task_event_table                         0x0800ce00   Data          24  mainloop.o(.constdata)
    task_5ms                                 0x0800ce18   Data          20  mainloop.o(.constdata)
    task_10ms                                0x0800ce2c   Data          40  mainloop.o(.constdata)
    task_100ms                               0x0800ce54   Data          40  mainloop.o(.constdata)
    task_1000ms                              0x0800ce7c   Data          40  mainloop.o(.constdata)
    Region$$Table$$Base                      0x0800d028   Number         0  anon$$obj.o(Region$$Table)
    Region$$Table$$Limit                     0x0800d048   Number         0  anon$$obj.o(Region$$Table)
    SystemCoreClock                          0x20000000   Data           4  system_stm32f10x.o(.data)
    AHBPrescTable                            0x20000004   Data          16  system_stm32f10x.o(.data)
    __stdout                                 0x20000018   Data           4  usart.o(.data)
    USART_RX_STA                             0x2000001c   Data           2  usart.o(.data)
    POINT_COLOR                              0x2000001e   Data           2  lcd.o(.data)
    BACK_COLOR                               0x20000020   Data           2  lcd.o(.data)
    sys_cmd_tab                              0x20000038   Data          28  usmart.o(.data)
    usmart_nametab                           0x20000054   Data          64  usmart_config.o(.data)
    usmart_dev                               0x20000094   Data         244  usmart_config.o(.data)
    TCPTimer                                 0x20000188   Data           4  lwip_comm.o(.data)
    ARPTimer                                 0x2000018c   Data           4  lwip_comm.o(.data)
    lwip_localtime                           0x20000190   Data           4  lwip_comm.o(.data)
    DHCPfineTimer                            0x20000194   Data           4  lwip_comm.o(.data)
    DHCPcoarseTimer                          0x20000198   Data           4  lwip_comm.o(.data)
    ram_heap                                 0x2000019c   Data           4  mem.o(.data)
    memp_memory                              0x200001ac   Data           4  memp.o(.data)
    MTASK_p1_ID                              0x200001b0   Data           3  other_global_var.o(.data)
    MTASK_p2_ID                              0x200001b3   Data           3  other_global_var.o(.data)
    LV_QUEUEWRONG                            0x200001b6   Data           3  other_global_var.o(.data)
    count_10MS                               0x200001b9   Data           1  other_global_var.o(.data)
    count_100MS                              0x200001ba   Data           1  other_global_var.o(.data)
    count_1000MS                             0x200001bb   Data           1  other_global_var.o(.data)
    RxCANData                                0x200001bc   Data           8  other_global_var.o(.data)
    ipnum01                                  0x200001c4   Data           1  other_global_var.o(.data)
    ipnum02                                  0x200001c5   Data           1  other_global_var.o(.data)
    iplienum                                 0x200001c6   Data           1  other_global_var.o(.data)
    ipratio01                                0x200001c8   Data           2  other_global_var.o(.data)
    ipratio02                                0x200001ca   Data           2  other_global_var.o(.data)
    Lv_5ms                                   0x200001cc   Data           1  other_global_var.o(.data)
    Lv_10ms                                  0x200001cd   Data           1  other_global_var.o(.data)
    Lv_100ms                                 0x200001ce   Data           1  other_global_var.o(.data)
    Lv_1000ms                                0x200001cf   Data           1  other_global_var.o(.data)
    PIT0Ctr                                  0x200001d0   Data           4  other_global_var.o(.data)
    lv_IO0_led_flag                          0x200001d4   Data           1  other_global_var.o(.data)
    Lv_CAN_A_BUF01I_flag                     0x200001d5   Data           1  other_global_var.o(.data)
    Lv_CAN_A_BUF15I_flag                     0x200001d6   Data           1  other_global_var.o(.data)
    task_event_flag                          0x200001d8   Data           2  other_global_var.o(.data)
    CAN_A_BUF01_CTR                          0x200001dc   Data           4  other_global_var.o(.data)
    CAN_A_BUF15_CTR                          0x200001e0   Data           4  other_global_var.o(.data)
    CAN_A_BUF15_CTR_inMain                   0x200001e4   Data           4  other_global_var.o(.data)
    ad_ch                                    0x200001e8   Data           1  other_global_var.o(.data)
    ad_ch1_p                                 0x200001e9   Data           1  other_global_var.o(.data)
    ad_ch2_p                                 0x200001ea   Data           1  other_global_var.o(.data)
    ad1_ch_id_10ms                           0x200001eb   Data           1  other_global_var.o(.data)
    ad2_ch_id_100ms                          0x200001ec   Data           1  other_global_var.o(.data)
    map_ctr_0                                0x200001ed   Data           1  other_global_var.o(.data)
    map_ctr_1                                0x200001ee   Data           1  other_global_var.o(.data)
    map_sum_0                                0x200001f0   Data           4  other_global_var.o(.data)
    map_sum_1                                0x200001f4   Data           4  other_global_var.o(.data)
    soft_err_st_0                            0x200001f8   Data           1  other_global_var.o(.data)
    LV_adc_busy_last                         0x200001f9   Data           1  other_global_var.o(.data)
    sys_status2                              0x200001fa   Data           1  other_global_var.o(.data)
    trip_cdn_state                           0x200001fb   Data           1  other_global_var.o(.data)
    gr_mt_temp                               0x200001fc   Data           1  other_global_var.o(.data)
    gr_mt_temp_last                          0x200001fd   Data           1  other_global_var.o(.data)
    ecu_ini_cnt                              0x200001fe   Data           2  other_global_var.o(.data)
    count_art_temp_fun                       0x20000200   Data           1  other_global_var.o(.data)
    tq_fun_time                              0x20000201   Data           1  other_global_var.o(.data)
    tq_fun_time_100ms                        0x20000202   Data           1  other_global_var.o(.data)
    tq_fun_time_1000ms                       0x20000203   Data           1  other_global_var.o(.data)
    VS_PER_op                                0x20000204   Data           1  other_global_var.o(.data)
    inder_oc2                                0x20000205   Data           1  other_global_var.o(.data)
    V_IGK_BAS_N_cnt                          0x20000206   Data           1  other_global_var.o(.data)
    V_IGK_BAS_cnt                            0x20000207   Data           1  other_global_var.o(.data)
    VB_MES_P                                 0x20000208   Data           1  other_global_var.o(.data)
    N_DIF_STATE                              0x20000209   Data           1  other_global_var.o(.data)
    INH_SWI_IV_OP                            0x2000020a   Data           1  other_global_var.o(.data)
    PWL_DLY_CTR                              0x2000020b   Data           1  other_global_var.o(.data)
    EFP_POUT_STATE_0                         0x2000020c   Data           1  other_global_var.o(.data)
    EFP_POUT_STATE_1                         0x2000020d   Data           1  other_global_var.o(.data)
    EFP_POUT_STATE_2                         0x2000020e   Data           1  other_global_var.o(.data)
    T_PU_COUNT                               0x2000020f   Data           1  other_global_var.o(.data)
    PAT_INH_IV_last                          0x20000210   Data           1  other_global_var.o(.data)
    NR_SEL_CYL_CTR                           0x20000211   Data           1  other_global_var.o(.data)
    INH_SWI_IV_PRE                           0x20000212   Data           2  other_global_var.o(.data)
    V_IGK_MES_S                              0x20000214   Data           2  other_global_var.o(.data)
    VB_MES_S                                 0x20000216   Data           2  other_global_var.o(.data)
    last_match_time_OC2                      0x20000218   Data           4  other_global_var.o(.data)
    VS_GAIN_TEMP                             0x2000021c   Data           4  other_global_var.o(.data)
    VS_INT_TIME                              0x20000220   Data           4  other_global_var.o(.data)
    VS_INT_TIME_LAST                         0x20000224   Data           4  other_global_var.o(.data)
    AR_RED_AD_ADD_LAST                       0x20000228   Data           2  other_global_var.o(.data)
    AR_RED_AD_FAC_LAST                       0x2000022a   Data           2  other_global_var.o(.data)
    AR_RED_DIF_I_REL_last                    0x2000022c   Data           2  other_global_var.o(.data)
    TPS_FIL_MTC_last                         0x2000022e   Data           2  other_global_var.o(.data)
    LAM_MV_1_old                             0x20000230   Data           2  other_global_var.o(.data)
    LAM_P_CTR_1_AD                           0x20000232   Data           1  other_global_var.o(.data)
    LAM_P_CTR_1_PL                           0x20000233   Data           1  other_global_var.o(.data)
    LAM_MV_1_temp                            0x20000234   Data           2  other_global_var.o(.data)
    LAM_MV_LPF_1_temp                        0x20000236   Data           2  other_global_var.o(.data)
    N_TEMP_T_N_DIF_SAMPLE                    0x20000238   Data           2  other_global_var.o(.data)
    N_TEMP_T_N_DIF_RIS                       0x2000023a   Data           2  other_global_var.o(.data)
    CTR_T_N_DIF_SAMPLE_10MS                  0x2000023c   Data           2  other_global_var.o(.data)
    CTR_T_N_DIF_RIS_10MS                     0x2000023e   Data           2  other_global_var.o(.data)
    CTR_T_MAX_RIS_10MS                       0x20000240   Data           2  other_global_var.o(.data)
    IGA_ST_old                               0x20000242   Data           1  other_global_var.o(.data)
    ADD_WF_NUM                               0x20000243   Data           1  other_global_var.o(.data)
    VS_STATE_CFA_LAST                        0x20000244   Data           1  other_global_var.o(.data)
    STATE_CFA_IS_old                         0x20000245   Data           1  other_global_var.o(.data)
    TQ_DIF_I_IS_32t                          0x20000248   Data           4  other_global_var.o(.data)
    N_GRD_OLD                                0x2000024c   Data           1  other_global_var.o(.data)
    MAF_MDL_CON_11                           0x2000024e   Data           2  other_global_var.o(.data)
    MAF_LAST                                 0x20000250   Data           2  other_global_var.o(.data)
    MAP_THR                                  0x20000252   Data           2  other_global_var.o(.data)
    MAP_CPS                                  0x20000254   Data           2  other_global_var.o(.data)
    cycnr_hys_puc                            0x20000256   Data           2  other_global_var.o(.data)
    SOI_TCO                                  0x20000258   Data           1  other_global_var.o(.data)
    TI_1_TEMP                                0x2000025a   Data           2  other_global_var.o(.data)
    ti_lgrd_ast_tco                          0x2000025c   Data           2  other_global_var.o(.data)
    TIB_prev                                 0x2000025e   Data           2  other_global_var.o(.data)
    LV_temp_PSTE_old                         0x20000260   Data           1  other_global_var.o(.data)
    LV_temp_LAMP_old                         0x20000261   Data           1  other_global_var.o(.data)
    USART_RX_BUF                             0x20000264   Data         200  usart.o(.bss)
    lcddev                                   0x2000032c   Data          14  lcd.o(.bss)
    dm9000cfg                                0x2000033a   Data          18  dm9000.o(.bss)
    lwipdev                                  0x2000034c   Data          23  lwip_comm.o(.bss)
    lwip_netif                               0x20000364   Data          52  lwip_comm.o(.bss)
    MTASK_queue                              0x200003c0   Data          96  other_global_var.o(.bss)
    time5ms                                  0x20000420   Data          42  other_global_var.o(.bss)
    time10ms                                 0x2000044a   Data          42  other_global_var.o(.bss)
    time100ms                                0x20000474   Data          42  other_global_var.o(.bss)
    time1000ms                               0x2000049e   Data          42  other_global_var.o(.bss)
    AN_ResultInMv                            0x200004c8   Data         160  other_global_var.o(.bss)
    AN_Result                                0x20000568   Data         160  other_global_var.o(.bss)
    __libspace_start                         0x20000608   Data          96  libspace.o(.bss)
    __temporary_stack_top$libspace           0x20000668   Data           0  libspace.o(.bss)
    mem2base                                 0x68000000   Data       196608  malloc.o(.ARM.__AT_0x68000000)
    mem2mapbase                              0x68030000   Data       12288  malloc.o(.ARM.__AT_0x68030000)



==============================================================================

Memory Map of the image

  Image Entry point : 0x08000131

  Load Region LR_IROM1 (Base: 0x08000000, Size: 0x0000d2ac, Max: 0x00080000, ABSOLUTE, COMPRESSED[0x0000d0cc])

    Execution Region ER_IROM1 (Exec base: 0x08000000, Load base: 0x08000000, Size: 0x0000d048, Max: 0x00080000, ABSOLUTE)

    Exec Addr    Load Addr    Size         Type   Attr      Idx    E Section Name        Object

    0x08000000   0x08000000   0x00000130   Data   RO          231    RESET               startup_stm32f10x_hd.o
    0x08000130   0x08000130   0x00000008   Code   RO         1388  * !!!main             c_w.l(__main.o)
    0x08000138   0x08000138   0x00000034   Code   RO         1581    !!!scatter          c_w.l(__scatter.o)
    0x0800016c   0x0800016c   0x0000005a   Code   RO         1579    !!dczerorl2         c_w.l(__dczerorl2.o)
    0x080001c6   0x080001c6   0x00000002   PAD
    0x080001c8   0x080001c8   0x0000001c   Code   RO         1583    !!handler_zi        c_w.l(__scatter_zi.o)
    0x080001e4   0x080001e4   0x00000000   Code   RO         1375    .ARM.Collect$$_printf_percent$$00000000  c_w.l(_printf_percent.o)
    0x080001e4   0x080001e4   0x00000006   Code   RO         1373    .ARM.Collect$$_printf_percent$$00000009  c_w.l(_printf_d.o)
    0x080001ea   0x080001ea   0x00000006   Code   RO         1374    .ARM.Collect$$_printf_percent$$0000000A  c_w.l(_printf_u.o)
    0x080001f0   0x080001f0   0x00000006   Code   RO         1372    .ARM.Collect$$_printf_percent$$0000000C  c_w.l(_printf_x.o)
    0x080001f6   0x080001f6   0x00000006   Code   RO         1370    .ARM.Collect$$_printf_percent$$00000013  c_w.l(_printf_c.o)
    0x080001fc   0x080001fc   0x00000006   Code   RO         1371    .ARM.Collect$$_printf_percent$$00000014  c_w.l(_printf_s.o)
    0x08000202   0x08000202   0x00000004   Code   RO         1415    .ARM.Collect$$_printf_percent$$00000017  c_w.l(_printf_percent_end.o)
    0x08000206   0x08000206   0x00000002   Code   RO         1453    .ARM.Collect$$libinit$$00000000  c_w.l(libinit.o)
    0x08000208   0x08000208   0x00000000   Code   RO         1460    .ARM.Collect$$libinit$$00000002  c_w.l(libinit2.o)
    0x08000208   0x08000208   0x00000000   Code   RO         1462    .ARM.Collect$$libinit$$00000004  c_w.l(libinit2.o)
    0x08000208   0x08000208   0x00000000   Code   RO         1465    .ARM.Collect$$libinit$$0000000A  c_w.l(libinit2.o)
    0x08000208   0x08000208   0x00000000   Code   RO         1467    .ARM.Collect$$libinit$$0000000C  c_w.l(libinit2.o)
    0x08000208   0x08000208   0x00000000   Code   RO         1469    .ARM.Collect$$libinit$$0000000E  c_w.l(libinit2.o)
    0x08000208   0x08000208   0x00000000   Code   RO         1472    .ARM.Collect$$libinit$$00000011  c_w.l(libinit2.o)
    0x08000208   0x08000208   0x00000000   Code   RO         1474    .ARM.Collect$$libinit$$00000013  c_w.l(libinit2.o)
    0x08000208   0x08000208   0x00000000   Code   RO         1476    .ARM.Collect$$libinit$$00000015  c_w.l(libinit2.o)
    0x08000208   0x08000208   0x00000000   Code   RO         1478    .ARM.Collect$$libinit$$00000017  c_w.l(libinit2.o)
    0x08000208   0x08000208   0x00000000   Code   RO         1480    .ARM.Collect$$libinit$$00000019  c_w.l(libinit2.o)
    0x08000208   0x08000208   0x00000000   Code   RO         1482    .ARM.Collect$$libinit$$0000001B  c_w.l(libinit2.o)
    0x08000208   0x08000208   0x00000000   Code   RO         1484    .ARM.Collect$$libinit$$0000001D  c_w.l(libinit2.o)
    0x08000208   0x08000208   0x00000000   Code   RO         1486    .ARM.Collect$$libinit$$0000001F  c_w.l(libinit2.o)
    0x08000208   0x08000208   0x00000000   Code   RO         1488    .ARM.Collect$$libinit$$00000021  c_w.l(libinit2.o)
    0x08000208   0x08000208   0x00000000   Code   RO         1490    .ARM.Collect$$libinit$$00000023  c_w.l(libinit2.o)
    0x08000208   0x08000208   0x00000000   Code   RO         1492    .ARM.Collect$$libinit$$00000025  c_w.l(libinit2.o)
    0x08000208   0x08000208   0x00000000   Code   RO         1496    .ARM.Collect$$libinit$$0000002C  c_w.l(libinit2.o)
    0x08000208   0x08000208   0x00000000   Code   RO         1498    .ARM.Collect$$libinit$$0000002E  c_w.l(libinit2.o)
    0x08000208   0x08000208   0x00000000   Code   RO         1500    .ARM.Collect$$libinit$$00000030  c_w.l(libinit2.o)
    0x08000208   0x08000208   0x00000000   Code   RO         1502    .ARM.Collect$$libinit$$00000032  c_w.l(libinit2.o)
    0x08000208   0x08000208   0x00000002   Code   RO         1503    .ARM.Collect$$libinit$$00000033  c_w.l(libinit2.o)
    0x0800020a   0x0800020a   0x00000002   Code   RO         1521    .ARM.Collect$$libshutdown$$00000000  c_w.l(libshutdown.o)
    0x0800020c   0x0800020c   0x00000000   Code   RO         1531    .ARM.Collect$$libshutdown$$00000002  c_w.l(libshutdown2.o)
    0x0800020c   0x0800020c   0x00000000   Code   RO         1533    .ARM.Collect$$libshutdown$$00000004  c_w.l(libshutdown2.o)
    0x0800020c   0x0800020c   0x00000000   Code   RO         1536    .ARM.Collect$$libshutdown$$00000007  c_w.l(libshutdown2.o)
    0x0800020c   0x0800020c   0x00000000   Code   RO         1539    .ARM.Collect$$libshutdown$$0000000A  c_w.l(libshutdown2.o)
    0x0800020c   0x0800020c   0x00000000   Code   RO         1541    .ARM.Collect$$libshutdown$$0000000C  c_w.l(libshutdown2.o)
    0x0800020c   0x0800020c   0x00000000   Code   RO         1544    .ARM.Collect$$libshutdown$$0000000F  c_w.l(libshutdown2.o)
    0x0800020c   0x0800020c   0x00000002   Code   RO         1545    .ARM.Collect$$libshutdown$$00000010  c_w.l(libshutdown2.o)
    0x0800020e   0x0800020e   0x00000000   Code   RO         1404    .ARM.Collect$$rtentry$$00000000  c_w.l(__rtentry.o)
    0x0800020e   0x0800020e   0x00000000   Code   RO         1424    .ARM.Collect$$rtentry$$00000002  c_w.l(__rtentry2.o)
    0x0800020e   0x0800020e   0x00000006   Code   RO         1436    .ARM.Collect$$rtentry$$00000004  c_w.l(__rtentry4.o)
    0x08000214   0x08000214   0x00000000   Code   RO         1426    .ARM.Collect$$rtentry$$00000009  c_w.l(__rtentry2.o)
    0x08000214   0x08000214   0x00000004   Code   RO         1427    .ARM.Collect$$rtentry$$0000000A  c_w.l(__rtentry2.o)
    0x08000218   0x08000218   0x00000000   Code   RO         1429    .ARM.Collect$$rtentry$$0000000C  c_w.l(__rtentry2.o)
    0x08000218   0x08000218   0x00000008   Code   RO         1430    .ARM.Collect$$rtentry$$0000000D  c_w.l(__rtentry2.o)
    0x08000220   0x08000220   0x00000002   Code   RO         1457    .ARM.Collect$$rtexit$$00000000  c_w.l(rtexit.o)
    0x08000222   0x08000222   0x00000000   Code   RO         1505    .ARM.Collect$$rtexit$$00000002  c_w.l(rtexit2.o)
    0x08000222   0x08000222   0x00000004   Code   RO         1506    .ARM.Collect$$rtexit$$00000003  c_w.l(rtexit2.o)
    0x08000226   0x08000226   0x00000006   Code   RO         1507    .ARM.Collect$$rtexit$$00000004  c_w.l(rtexit2.o)
    0x0800022c   0x0800022c   0x00000250   Code   RO            1    .text               main.o
    0x0800047c   0x0800047c   0x0000001a   Code   RO          165    .text               stm32f10x_it.o
    0x08000496   0x08000496   0x00000002   PAD
    0x08000498   0x08000498   0x000001e0   Code   RO          200    .text               system_stm32f10x.o
    0x08000678   0x08000678   0x00000040   Code   RO          232    .text               startup_stm32f10x_hd.o
    0x080006b8   0x080006b8   0x000000d4   Code   RO          236    .text               delay.o
    0x0800078c   0x0800078c   0x00000140   Code   RO          266    .text               usart.o
    0x080008cc   0x080008cc   0x00004a96   Code   RO          302    .text               lcd.o
    0x08005362   0x08005362   0x00000002   PAD
    0x08005364   0x08005364   0x0000004c   Code   RO          325    .text               led.o
    0x080053b0   0x080053b0   0x00000104   Code   RO          353    .text               timer.o
    0x080054b4   0x080054b4   0x0000083c   Code   RO          373    .text               dm9000.o
    0x08005cf0   0x08005cf0   0x000000dc   Code   RO          409    .text               misc.o
    0x08005dcc   0x08005dcc   0x0000060c   Code   RO          421    .text               stm32f10x_fsmc.o
    0x080063d8   0x080063d8   0x0000035c   Code   RO          433    .text               stm32f10x_gpio.o
    0x08006734   0x08006734   0x000003a4   Code   RO          445    .text               stm32f10x_rcc.o
    0x08006ad8   0x08006ad8   0x00000e1a   Code   RO          459    .text               stm32f10x_tim.o
    0x080078f2   0x080078f2   0x00000002   PAD
    0x080078f4   0x080078f4   0x00000408   Code   RO          471    .text               stm32f10x_usart.o
    0x08007cfc   0x08007cfc   0x0000011c   Code   RO          483    .text               stm32f10x_exti.o
    0x08007e18   0x08007e18   0x00000c34   Code   RO          529    .text               usmart.o
    0x08008a4c   0x08008a4c   0x00000528   Code   RO          561    .text               usmart_str.o
    0x08008f74   0x08008f74   0x000006a4   Code   RO          952    .text               mem.o
    0x08009618   0x08009618   0x000001b4   Code   RO          967    .text               memp.o
    0x080097cc   0x080097cc   0x0000103c   Code   RO         1015    .text               pbuf.o
    0x0800a808   0x0800a808   0x000003bc   Code   RO         1223    .text               mainloop.o
    0x0800abc4   0x0800abc4   0x0000005c   Code   RO         1297    .text               timer_1.o
    0x0800ac20   0x0800ac20   0x00000002   Code   RO         1311    .text               c_w.l(use_no_semi_2.o)
    0x0800ac22   0x0800ac22   0x00000002   PAD
    0x0800ac24   0x0800ac24   0x00000018   Code   RO         1317    .text               c_w.l(noretval__2printf.o)
    0x0800ac3c   0x0800ac3c   0x00000028   Code   RO         1319    .text               c_w.l(noretval__2sprintf.o)
    0x0800ac64   0x0800ac64   0x0000004e   Code   RO         1323    .text               c_w.l(_printf_pad.o)
    0x0800acb2   0x0800acb2   0x00000052   Code   RO         1325    .text               c_w.l(_printf_str.o)
    0x0800ad04   0x0800ad04   0x00000078   Code   RO         1327    .text               c_w.l(_printf_dec.o)
    0x0800ad7c   0x0800ad7c   0x00000058   Code   RO         1332    .text               c_w.l(_printf_hex_int.o)
    0x0800add4   0x0800add4   0x00000188   Code   RO         1367    .text               c_w.l(__printf_flags_ss_wp.o)
    0x0800af5c   0x0800af5c   0x0000003e   Code   RO         1378    .text               c_w.l(strlen.o)
    0x0800af9a   0x0800af9a   0x0000008a   Code   RO         1380    .text               c_w.l(rt_memcpy_v6.o)
    0x0800b024   0x0800b024   0x00000044   Code   RO         1382    .text               c_w.l(rt_memclr.o)
    0x0800b068   0x0800b068   0x0000004e   Code   RO         1384    .text               c_w.l(rt_memclr_w.o)
    0x0800b0b6   0x0800b0b6   0x00000006   Code   RO         1386    .text               c_w.l(heapauxi.o)
    0x0800b0bc   0x0800b0bc   0x00000002   Code   RO         1402    .text               c_w.l(use_no_semi.o)
    0x0800b0be   0x0800b0be   0x000000b2   Code   RO         1405    .text               c_w.l(_printf_intcommon.o)
    0x0800b170   0x0800b170   0x00000030   Code   RO         1407    .text               c_w.l(_printf_char_common.o)
    0x0800b1a0   0x0800b1a0   0x0000000a   Code   RO         1409    .text               c_w.l(_sputc.o)
    0x0800b1aa   0x0800b1aa   0x0000002c   Code   RO         1411    .text               c_w.l(_printf_char.o)
    0x0800b1d6   0x0800b1d6   0x00000002   PAD
    0x0800b1d8   0x0800b1d8   0x00000024   Code   RO         1413    .text               c_w.l(_printf_char_file.o)
    0x0800b1fc   0x0800b1fc   0x00000064   Code   RO         1416    .text               c_w.l(rt_memcpy_w.o)
    0x0800b260   0x0800b260   0x00000008   Code   RO         1440    .text               c_w.l(ferror.o)
    0x0800b268   0x0800b268   0x0000004a   Code   RO         1444    .text               c_w.l(sys_stackheap_outer.o)
    0x0800b2b2   0x0800b2b2   0x00000012   Code   RO         1446    .text               c_w.l(exit.o)
    0x0800b2c4   0x0800b2c4   0x00000008   Code   RO         1454    .text               c_w.l(libspace.o)
    0x0800b2cc   0x0800b2cc   0x0000000e   Code   RO         1360    i._is_digit         c_w.l(__printf_wp.o)
    0x0800b2da   0x0800b2da   0x00000002   PAD
    0x0800b2dc   0x0800b2dc   0x0000005a   Code   RO         1390    x$fpl$dfixu         fz_ws.l(dfixu.o)
    0x0800b336   0x0800b336   0x00000026   Code   RO         1394    x$fpl$dfltu         fz_ws.l(dflt_clz.o)
    0x0800b35c   0x0800b35c   0x00000154   Code   RO         1400    x$fpl$dmul          fz_ws.l(dmul.o)
    0x0800b4b0   0x0800b4b0   0x0000009c   Code   RO         1418    x$fpl$dnaninf       fz_ws.l(dnaninf.o)
    0x0800b54c   0x0800b54c   0x0000000c   Code   RO         1420    x$fpl$dretinf       fz_ws.l(dretinf.o)
    0x0800b558   0x0800b558   0x00000000   Code   RO         1422    x$fpl$usenofp       fz_ws.l(usenofp.o)
    0x0800b558   0x0800b558   0x000017c0   Data   RO          304    .constdata          lcd.o
    0x0800cd18   0x0800cd18   0x00000028   Data   RO          969    .constdata          memp.o
    0x0800cd40   0x0800cd40   0x00000164   Data   RO         1224    .constdata          mainloop.o
    0x0800cea4   0x0800cea4   0x00000028   Data   RO         1333    .constdata          c_w.l(_printf_hex_int.o)
    0x0800cecc   0x0800cecc   0x00000011   Data   RO         1368    .constdata          c_w.l(__printf_flags_ss_wp.o)
    0x0800cedd   0x0800cedd   0x00000003   PAD
    0x0800cee0   0x0800cee0   0x00000028   Data   RO          530    .conststring        usmart.o
    0x0800cf08   0x0800cf08   0x0000011f   Data   RO          545    .conststring        usmart_config.o
    0x0800d027   0x0800d027   0x00000001   PAD
    0x0800d028   0x0800d028   0x00000020   Data   RO         1577    Region$$Table       anon$$obj.o


    Execution Region RW_IRAM1 (Exec base: 0x20000000, Load base: 0x0800d048, Size: 0x00000c68, Max: 0x00010000, ABSOLUTE, COMPRESSED[0x00000084])

    Exec Addr    Load Addr    Size         Type   Attr      Idx    E Section Name        Object

    0x20000000   COMPRESSED   0x00000014   Data   RW          201    .data               system_stm32f10x.o
    0x20000014   COMPRESSED   0x00000004   Data   RW          237    .data               delay.o
    0x20000018   COMPRESSED   0x00000006   Data   RW          268    .data               usart.o
    0x2000001e   COMPRESSED   0x00000004   Data   RW          305    .data               lcd.o
    0x20000022   COMPRESSED   0x00000014   Data   RW          446    .data               stm32f10x_rcc.o
    0x20000036   COMPRESSED   0x00000002   PAD
    0x20000038   COMPRESSED   0x0000001c   Data   RW          531    .data               usmart.o
    0x20000054   COMPRESSED   0x00000134   Data   RW          546    .data               usmart_config.o
    0x20000188   COMPRESSED   0x00000014   Data   RW          575    .data               lwip_comm.o
    0x2000019c   COMPRESSED   0x00000010   Data   RW          953    .data               mem.o
    0x200001ac   COMPRESSED   0x00000004   Data   RW          970    .data               memp.o
    0x200001b0   COMPRESSED   0x000000b2   Data   RW         1284    .data               other_global_var.o
    0x20000262   COMPRESSED   0x00000002   PAD
    0x20000264        -       0x000000c8   Zero   RW          267    .bss                usart.o
    0x2000032c        -       0x0000000e   Zero   RW          303    .bss                lcd.o
    0x2000033a        -       0x00000012   Zero   RW          374    .bss                dm9000.o
    0x2000034c        -       0x0000004c   Zero   RW          574    .bss                lwip_comm.o
    0x20000398        -       0x00000028   Zero   RW          968    .bss                memp.o
    0x200003c0        -       0x00000248   Zero   RW         1283    .bss                other_global_var.o
    0x20000608        -       0x00000060   Zero   RW         1455    .bss                c_w.l(libspace.o)
    0x20000668        -       0x00000200   Zero   RW          230    HEAP                startup_stm32f10x_hd.o
    0x20000868        -       0x00000400   Zero   RW          229    STACK               startup_stm32f10x_hd.o



  Load Region LR$$.ARM.__AT_0x68000000 (Base: 0x68000000, Size: 0x00000000, Max: 0x00030000, ABSOLUTE)

    Execution Region ER$$.ARM.__AT_0x68000000 (Exec base: 0x68000000, Load base: 0x68000000, Size: 0x00030000, Max: 0x00030000, ABSOLUTE, UNINIT)

    Exec Addr    Load Addr    Size         Type   Attr      Idx    E Section Name        Object

    0x68000000        -       0x00030000   Zero   RW          508    .ARM.__AT_0x68000000  malloc.o



  Load Region LR$$.ARM.__AT_0x68030000 (Base: 0x68030000, Size: 0x00000000, Max: 0x00003000, ABSOLUTE)

    Execution Region ER$$.ARM.__AT_0x68030000 (Exec base: 0x68030000, Load base: 0x68030000, Size: 0x00003000, Max: 0x00003000, ABSOLUTE, UNINIT)

    Exec Addr    Load Addr    Size         Type   Attr      Idx    E Section Name        Object

    0x68030000        -       0x00003000   Zero   RW          509    .ARM.__AT_0x68030000  malloc.o


==============================================================================

Image component sizes


      Code (inc. data)   RO Data    RW Data    ZI Data      Debug   Object Name

         0          0          0          0          0         32   core_cm3.o
       212         18          0          4          0       1031   delay.o
      2108        362          0          0         18       8080   dm9000.o
     19094        160       6080          4         14      22250   lcd.o
        76          8          0          0          0        491   led.o
         0          0          0         20         76       7550   lwip_comm.o
       592        214          0          0          0     270756   main.o
       956         86        356          0          0       8441   mainloop.o
         0          0          0          0     208896       1533   malloc.o
      1700        532          0         16          0       4002   mem.o
       436        196         40          4         40       2796   memp.o
       220         22          0          0          0       1817   misc.o
         0          0          0        178        584       5147   other_global_var.o
      4156       1234          0          0          0       9489   pbuf.o
         0          0          0          0          0       1228   sram.o
        64         26        304          0       1536        788   startup_stm32f10x_hd.o
       284         10          0          0          0       2275   stm32f10x_exti.o
      1548         18          0          0          0       5395   stm32f10x_fsmc.o
       860         38          0          0          0       5753   stm32f10x_gpio.o
        26          0          0          0          0       1174   stm32f10x_it.o
       932         36          0         20          0       8928   stm32f10x_rcc.o
      3610         88          0          0          0      22860   stm32f10x_tim.o
      1032         22          0          0          0       8472   stm32f10x_usart.o
       480         38          0         20          0       1719   system_stm32f10x.o
       260         18          0          0          0       2302   timer.o
        92         10          0          0          0       3841   timer_1.o
       320         16          0          6        200       3150   usart.o
      3124       1282         40         28          0       4310   usmart.o
         0          0        287        308          0       1676   usmart_config.o
      1320         12          0          0          0       5217   usmart_str.o

    ----------------------------------------------------------------------
     43508       4446       7140        612     211364     422503   Object Totals
         0          0         32          0          0          0   (incl. Generated)
         6          0          1          4          0          0   (incl. Padding)

    ----------------------------------------------------------------------

      Code (inc. data)   RO Data    RW Data    ZI Data      Debug   Library Member Name

        90          0          0          0          0          0   __dczerorl2.o
         8          0          0          0          0         68   __main.o
       392          4         17          0          0         92   __printf_flags_ss_wp.o
        14          0          0          0          0         68   __printf_wp.o
         0          0          0          0          0          0   __rtentry.o
        12          0          0          0          0          0   __rtentry2.o
         6          0          0          0          0          0   __rtentry4.o
        52          8          0          0          0          0   __scatter.o
        28          0          0          0          0          0   __scatter_zi.o
         6          0          0          0          0          0   _printf_c.o
        44          0          0          0          0        108   _printf_char.o
        48          6          0          0          0         96   _printf_char_common.o
        36          4          0          0          0         80   _printf_char_file.o
         6          0          0          0          0          0   _printf_d.o
       120         16          0          0          0         92   _printf_dec.o
        88          4         40          0          0         88   _printf_hex_int.o
       178          0          0          0          0         88   _printf_intcommon.o
        78          0          0          0          0        108   _printf_pad.o
         0          0          0          0          0          0   _printf_percent.o
         4          0          0          0          0          0   _printf_percent_end.o
         6          0          0          0          0          0   _printf_s.o
        82          0          0          0          0         80   _printf_str.o
         6          0          0          0          0          0   _printf_u.o
         6          0          0          0          0          0   _printf_x.o
        10          0          0          0          0         68   _sputc.o
        18          0          0          0          0         80   exit.o
         8          0          0          0          0         68   ferror.o
         6          0          0          0          0        152   heapauxi.o
         2          0          0          0          0          0   libinit.o
         2          0          0          0          0          0   libinit2.o
         2          0          0          0          0          0   libshutdown.o
         2          0          0          0          0          0   libshutdown2.o
         8          4          0          0         96         68   libspace.o
        24          4          0          0          0         84   noretval__2printf.o
        40          6          0          0          0         84   noretval__2sprintf.o
        68          0          0          0          0         68   rt_memclr.o
        78          0          0          0          0         80   rt_memclr_w.o
       138          0          0          0          0         68   rt_memcpy_v6.o
       100          0          0          0          0         80   rt_memcpy_w.o
         2          0          0          0          0          0   rtexit.o
        10          0          0          0          0          0   rtexit2.o
        62          0          0          0          0         76   strlen.o
        74          0          0          0          0         80   sys_stackheap_outer.o
         2          0          0          0          0         68   use_no_semi.o
         2          0          0          0          0         68   use_no_semi_2.o
        90          4          0          0          0         92   dfixu.o
        38          0          0          0          0         68   dflt_clz.o
       340         12          0          0          0        104   dmul.o
       156          4          0          0          0         92   dnaninf.o
        12          0          0          0          0         68   dretinf.o
         0          0          0          0          0          0   usenofp.o

    ----------------------------------------------------------------------
      2612         76         60          0         96       2584   Library Totals
         8          0          3          0          0          0   (incl. Padding)

    ----------------------------------------------------------------------

      Code (inc. data)   RO Data    RW Data    ZI Data      Debug   Library Name

      1968         56         57          0         96       2160   c_w.l
       636         20          0          0          0        424   fz_ws.l

    ----------------------------------------------------------------------
      2612         76         60          0         96       2584   Library Totals

    ----------------------------------------------------------------------

==============================================================================


      Code (inc. data)   RO Data    RW Data    ZI Data      Debug   

     46120       4522       7200        612     211460     421235   Grand Totals
     46120       4522       7200        132     211460     421235   ELF Image Totals (compressed)
     46120       4522       7200        132          0          0   ROM Totals

==============================================================================

    Total RO  Size (Code + RO Data)                53320 (  52.07kB)
    Total RW  Size (RW Data + ZI Data)            212072 ( 207.10kB)
    Total ROM Size (Code + RO Data + RW Data)      53452 (  52.20kB)

==============================================================================

